2024.09.15 00:09:38 WARN  es[][o.e.t.ThreadPool] timer thread slept for [5.8s/5877ms] on absolute clock which is above the warn threshold of [5000ms]
2024.09.15 00:57:15 WARN  es[][o.e.t.ThreadPool] timer thread slept for [5.8s/5876705467ns] on relative clock which is above the warn threshold of [5000ms]
2024.09.15 00:57:15 WARN  es[][o.e.t.ThreadPool] timer thread slept for [47.6m/2857269ms] on absolute clock which is above the warn threshold of [5000ms]
2024.09.15 01:27:41 WARN  es[][o.e.t.ThreadPool] timer thread slept for [5.9s/5926ms] on absolute clock which is above the warn threshold of [5000ms]
2024.09.15 02:01:16 WARN  es[][o.e.t.ThreadPool] timer thread slept for [5.9s/5926700927ns] on relative clock which is above the warn threshold of [5000ms]
2024.09.15 02:01:16 WARN  es[][o.e.t.ThreadPool] timer thread slept for [33.5m/2014770ms] on absolute clock which is above the warn threshold of [5000ms]
2024.09.15 02:32:43 WARN  es[][o.e.t.ThreadPool] timer thread slept for [5.8s/5866ms] on absolute clock which is above the warn threshold of [5000ms]
2024.09.15 02:35:22 WARN  es[][o.e.t.ThreadPool] timer thread slept for [5.8s/5866236309ns] on relative clock which is above the warn threshold of [5000ms]
2024.09.15 02:35:22 WARN  es[][o.e.t.ThreadPool] timer thread slept for [2.6m/159107ms] on absolute clock which is above the warn threshold of [5000ms]
2024.09.15 03:05:51 WARN  es[][o.e.t.ThreadPool] timer thread slept for [5.8s/5811ms] on absolute clock which is above the warn threshold of [5000ms]
2024.09.15 03:05:51 WARN  es[][o.e.t.ThreadPool] timer thread slept for [5.8s/5810713499ns] on relative clock which is above the warn threshold of [5000ms]
2024.09.15 03:25:27 WARN  es[][o.e.t.ThreadPool] timer thread slept for [19.5m/1175510ms] on absolute clock which is above the warn threshold of [5000ms]
2024.09.15 03:57:27 WARN  es[][o.e.t.ThreadPool] execution of [ReschedulingRunnable{runnable=org.elasticsearch.indices.IndexingMemoryController$ShardsIndicesStatusChecker@5e226d5d, interval=5s}] took [5989ms] which is above the warn threshold of [5000ms]
2024.09.15 03:57:27 WARN  es[][o.e.t.ThreadPool] timer thread slept for [5.9s/5990ms] on absolute clock which is above the warn threshold of [5000ms]
2024.09.15 03:57:27 WARN  es[][o.e.t.ThreadPool] timer thread slept for [5.9s/5989957954ns] on relative clock which is above the warn threshold of [5000ms]
2024.09.15 05:54:56 WARN  es[][o.e.t.ThreadPool] timer thread slept for [1.9h/7048868ms] on absolute clock which is above the warn threshold of [5000ms]
2024.09.15 06:25:25 WARN  es[][o.e.t.ThreadPool] timer thread slept for [5.9s/5950ms] on absolute clock which is above the warn threshold of [5000ms]
2024.09.15 06:42:18 WARN  es[][o.e.t.ThreadPool] timer thread slept for [5.9s/5950064940ns] on relative clock which is above the warn threshold of [5000ms]
2024.09.15 06:42:18 WARN  es[][o.e.t.ThreadPool] timer thread slept for [16.8m/1012853ms] on absolute clock which is above the warn threshold of [5000ms]
2024.09.15 07:14:17 WARN  es[][o.e.t.ThreadPool] timer thread slept for [5.8s/5880ms] on absolute clock which is above the warn threshold of [5000ms]
2024.09.15 07:14:17 WARN  es[][o.e.t.ThreadPool] timer thread slept for [5.8s/5880233397ns] on relative clock which is above the warn threshold of [5000ms]
2024.09.15 07:24:27 WARN  es[][o.e.t.ThreadPool] timer thread slept for [10.1m/610334ms] on absolute clock which is above the warn threshold of [5000ms]
2024.09.15 07:54:57 WARN  es[][o.e.t.ThreadPool] timer thread slept for [5.9s/5963ms] on absolute clock which is above the warn threshold of [5000ms]
2024.09.15 07:54:57 WARN  es[][o.e.t.ThreadPool] timer thread slept for [5.9s/5963264567ns] on relative clock which is above the warn threshold of [5000ms]
2024.09.15 08:05:18 WARN  es[][o.e.t.ThreadPool] timer thread slept for [10.3m/620918ms] on absolute clock which is above the warn threshold of [5000ms]
2024.09.15 08:37:17 WARN  es[][o.e.t.ThreadPool] timer thread slept for [5.8s/5876ms] on absolute clock which is above the warn threshold of [5000ms]
2024.09.15 08:37:17 WARN  es[][o.e.t.ThreadPool] timer thread slept for [5.8s/5875320398ns] on relative clock which is above the warn threshold of [5000ms]
2024.09.15 08:45:26 WARN  es[][o.e.t.ThreadPool] timer thread slept for [8.1m/488824ms] on absolute clock which is above the warn threshold of [5000ms]
2024.09.15 09:15:56 WARN  es[][o.e.t.ThreadPool] timer thread slept for [5.8s/5898ms] on absolute clock which is above the warn threshold of [5000ms]
2024.09.15 09:15:56 WARN  es[][o.e.t.ThreadPool] timer thread slept for [5.8s/5898934066ns] on relative clock which is above the warn threshold of [5000ms]
2024.09.15 09:25:36 WARN  es[][o.e.t.ThreadPool] timer thread slept for [9.6m/579702ms] on absolute clock which is above the warn threshold of [5000ms]
2024.09.15 09:56:36 WARN  es[][o.e.t.ThreadPool] timer thread slept for [5.9s/5950ms] on absolute clock which is above the warn threshold of [5000ms]
2024.09.15 09:56:36 WARN  es[][o.e.t.ThreadPool] timer thread slept for [5.9s/5949904424ns] on relative clock which is above the warn threshold of [5000ms]
2024.09.15 10:05:45 WARN  es[][o.e.t.ThreadPool] timer thread slept for [9.1m/548490ms] on absolute clock which is above the warn threshold of [5000ms]
2024.09.15 10:36:19 WARN  es[][o.e.t.ThreadPool] timer thread slept for [5.8s/5808ms] on absolute clock which is above the warn threshold of [5000ms]
2024.09.15 10:45:54 WARN  es[][o.e.t.ThreadPool] timer thread slept for [5.8s/5807995967ns] on relative clock which is above the warn threshold of [5000ms]
2024.09.15 10:45:54 WARN  es[][o.e.t.ThreadPool] timer thread slept for [9.5m/574930ms] on absolute clock which is above the warn threshold of [5000ms]
2024.09.15 11:17:50 WARN  es[][o.e.t.ThreadPool] timer thread slept for [5.9s/5968ms] on absolute clock which is above the warn threshold of [5000ms]
2024.09.15 11:17:50 WARN  es[][o.e.t.ThreadPool] timer thread slept for [5.9s/5967479706ns] on relative clock which is above the warn threshold of [5000ms]
2024.09.15 11:26:04 WARN  es[][o.e.t.ThreadPool] timer thread slept for [8.2m/493634ms] on absolute clock which is above the warn threshold of [5000ms]
2024.09.15 11:56:33 WARN  es[][o.e.t.ThreadPool] timer thread slept for [5.9s/5924ms] on absolute clock which is above the warn threshold of [5000ms]
2024.09.15 11:56:33 WARN  es[][o.e.t.ThreadPool] timer thread slept for [5.9s/5923682283ns] on relative clock which is above the warn threshold of [5000ms]
2024.09.15 12:06:13 WARN  es[][o.e.t.ThreadPool] timer thread slept for [9.6m/579505ms] on absolute clock which is above the warn threshold of [5000ms]
2024.09.15 12:36:43 WARN  es[][o.e.t.ThreadPool] timer thread slept for [6s/6050ms] on absolute clock which is above the warn threshold of [5000ms]
2024.09.15 12:36:43 WARN  es[][o.e.t.ThreadPool] timer thread slept for [6s/6050003371ns] on relative clock which is above the warn threshold of [5000ms]
2024.09.15 12:43:13 WARN  es[][o.e.t.ThreadPool] timer thread slept for [6.5m/390049ms] on absolute clock which is above the warn threshold of [5000ms]
2024.09.15 13:13:41 WARN  es[][o.e.t.ThreadPool] timer thread slept for [5.9s/5929ms] on absolute clock which is above the warn threshold of [5000ms]
2024.09.15 13:13:41 WARN  es[][o.e.t.ThreadPool] timer thread slept for [5.9s/5928937676ns] on relative clock which is above the warn threshold of [5000ms]
2024.09.15 13:24:40 WARN  es[][o.e.t.ThreadPool] timer thread slept for [10.9m/658680ms] on absolute clock which is above the warn threshold of [5000ms]
2024.09.15 13:56:40 WARN  es[][o.e.t.ThreadPool] timer thread slept for [6s/6006ms] on absolute clock which is above the warn threshold of [5000ms]
2024.09.15 13:56:40 WARN  es[][o.e.t.ThreadPool] timer thread slept for [6s/6006150021ns] on relative clock which is above the warn threshold of [5000ms]
2024.09.15 14:06:09 WARN  es[][o.e.t.ThreadPool] timer thread slept for [9.4m/569125ms] on absolute clock which is above the warn threshold of [5000ms]
2024.09.15 14:36:38 WARN  es[][o.e.t.ThreadPool] execution of [ReschedulingRunnable{runnable=org.elasticsearch.monitor.jvm.JvmGcMonitorService$1@e8a758d, interval=1s}] took [5886ms] which is above the warn threshold of [5000ms]
2024.09.15 14:36:38 WARN  es[][o.e.t.ThreadPool] timer thread slept for [5.8s/5886ms] on absolute clock which is above the warn threshold of [5000ms]
2024.09.15 14:36:38 WARN  es[][o.e.t.ThreadPool] timer thread slept for [5.8s/5886100669ns] on relative clock which is above the warn threshold of [5000ms]
2024.09.15 14:46:51 WARN  es[][o.e.t.ThreadPool] timer thread slept for [10.2m/612488ms] on absolute clock which is above the warn threshold of [5000ms]
2024.09.15 15:18:21 WARN  es[][o.e.t.ThreadPool] timer thread slept for [5.9s/5995ms] on absolute clock which is above the warn threshold of [5000ms]
2024.09.15 15:18:21 WARN  es[][o.e.t.ThreadPool] timer thread slept for [5.9s/5994975983ns] on relative clock which is above the warn threshold of [5000ms]
2024.09.15 15:20:58 WARN  es[][o.e.t.ThreadPool] timer thread slept for [2.6m/156642ms] on absolute clock which is above the warn threshold of [5000ms]
2024.09.15 15:51:27 WARN  es[][o.e.t.ThreadPool] timer thread slept for [5.7s/5783ms] on absolute clock which is above the warn threshold of [5000ms]
2024.09.15 15:51:27 WARN  es[][o.e.t.ThreadPool] timer thread slept for [5.7s/5782639704ns] on relative clock which is above the warn threshold of [5000ms]
2024.09.15 16:07:11 WARN  es[][o.e.t.ThreadPool] timer thread slept for [15.7m/943347ms] on absolute clock which is above the warn threshold of [5000ms]
2024.09.15 16:39:10 WARN  es[][o.e.t.ThreadPool] execution of [ReschedulingRunnable{runnable=org.elasticsearch.monitor.jvm.JvmGcMonitorService$1@e8a758d, interval=1s}] took [5968ms] which is above the warn threshold of [5000ms]
2024.09.15 16:39:10 WARN  es[][o.e.t.ThreadPool] timer thread slept for [5.9s/5969ms] on absolute clock which is above the warn threshold of [5000ms]
2024.09.15 16:39:10 WARN  es[][o.e.t.ThreadPool] timer thread slept for [5.9s/5968537791ns] on relative clock which is above the warn threshold of [5000ms]
2024.09.15 16:47:21 WARN  es[][o.e.t.ThreadPool] timer thread slept for [8.1m/490638ms] on absolute clock which is above the warn threshold of [5000ms]
2024.09.15 17:17:51 WARN  es[][o.e.t.ThreadPool] timer thread slept for [5.8s/5813ms] on absolute clock which is above the warn threshold of [5000ms]
2024.09.15 17:17:51 WARN  es[][o.e.t.ThreadPool] execution of [ReschedulingRunnable{runnable=org.elasticsearch.monitor.jvm.JvmGcMonitorService$1@e8a758d, interval=1s}] took [5813ms] which is above the warn threshold of [5000ms]
2024.09.15 17:17:51 WARN  es[][o.e.t.ThreadPool] timer thread slept for [5.8s/5813396976ns] on relative clock which is above the warn threshold of [5000ms]
2024.09.15 17:27:28 WARN  es[][o.e.t.ThreadPool] timer thread slept for [9.6m/577335ms] on absolute clock which is above the warn threshold of [5000ms]
2024.09.15 17:59:29 WARN  es[][o.e.t.ThreadPool] timer thread slept for [5.8s/5841ms] on absolute clock which is above the warn threshold of [5000ms]
2024.09.15 17:59:29 WARN  es[][o.e.t.ThreadPool] timer thread slept for [5.8s/5840840644ns] on relative clock which is above the warn threshold of [5000ms]
2024.09.15 18:07:39 WARN  es[][o.e.t.ThreadPool] timer thread slept for [8.1m/489858ms] on absolute clock which is above the warn threshold of [5000ms]
2024.09.15 18:38:08 WARN  es[][o.e.t.ThreadPool] timer thread slept for [5.9s/5933ms] on absolute clock which is above the warn threshold of [5000ms]
2024.09.15 18:38:08 WARN  es[][o.e.t.ThreadPool] execution of [ReschedulingRunnable{runnable=org.elasticsearch.monitor.jvm.JvmGcMonitorService$1@e8a758d, interval=1s}] took [5933ms] which is above the warn threshold of [5000ms]
2024.09.15 18:38:08 WARN  es[][o.e.t.ThreadPool] timer thread slept for [5.9s/5933095703ns] on relative clock which is above the warn threshold of [5000ms]
2024.09.15 18:47:49 WARN  es[][o.e.t.ThreadPool] timer thread slept for [9.6m/580423ms] on absolute clock which is above the warn threshold of [5000ms]
2024.09.15 19:18:19 WARN  es[][o.e.t.ThreadPool] timer thread slept for [5.8s/5879ms] on absolute clock which is above the warn threshold of [5000ms]
2024.09.15 19:18:19 WARN  es[][o.e.t.ThreadPool] timer thread slept for [5.8s/5879500881ns] on relative clock which is above the warn threshold of [5000ms]
2024.09.15 19:23:44 WARN  es[][o.e.t.ThreadPool] timer thread slept for [5.4m/324501ms] on absolute clock which is above the warn threshold of [5000ms]
2024.09.15 19:54:13 WARN  es[][o.e.t.ThreadPool] timer thread slept for [5.9s/5913ms] on absolute clock which is above the warn threshold of [5000ms]
2024.09.15 19:54:13 WARN  es[][o.e.t.ThreadPool] timer thread slept for [5.9s/5913252304ns] on relative clock which is above the warn threshold of [5000ms]
2024.09.15 19:59:27 WARN  es[][o.e.t.ThreadPool] timer thread slept for [5.2m/313557ms] on absolute clock which is above the warn threshold of [5000ms]
2024.09.15 20:29:57 WARN  es[][o.e.t.ThreadPool] execution of [ReschedulingRunnable{runnable=org.elasticsearch.monitor.jvm.JvmGcMonitorService$1@e8a758d, interval=1s}] took [5862ms] which is above the warn threshold of [5000ms]
2024.09.15 20:29:57 WARN  es[][o.e.t.ThreadPool] timer thread slept for [5.8s/5863ms] on absolute clock which is above the warn threshold of [5000ms]
2024.09.15 20:42:17 WARN  es[][o.e.t.ThreadPool] timer thread slept for [5.8s/5862769591ns] on relative clock which is above the warn threshold of [5000ms]
2024.09.15 20:42:17 WARN  es[][o.e.t.ThreadPool] timer thread slept for [12.3m/740242ms] on absolute clock which is above the warn threshold of [5000ms]
2024.09.15 21:14:17 WARN  es[][o.e.t.ThreadPool] timer thread slept for [5.8s/5829ms] on absolute clock which is above the warn threshold of [5000ms]
2024.09.15 21:14:17 WARN  es[][o.e.t.ThreadPool] timer thread slept for [5.8s/5828994977ns] on relative clock which is above the warn threshold of [5000ms]
2024.09.15 21:15:37 WARN  es[][o.e.t.ThreadPool] timer thread slept for [1.3m/80198ms] on absolute clock which is above the warn threshold of [5000ms]
2024.09.15 21:46:06 WARN  es[][o.e.t.ThreadPool] timer thread slept for [5.8s/5809ms] on absolute clock which is above the warn threshold of [5000ms]
2024.09.15 21:46:06 WARN  es[][o.e.t.ThreadPool] execution of [ReschedulingRunnable{runnable=org.elasticsearch.monitor.jvm.JvmGcMonitorService$1@e8a758d, interval=1s}] took [5809ms] which is above the warn threshold of [5000ms]
2024.09.15 21:46:30 WARN  es[][o.e.t.ThreadPool] timer thread slept for [5.8s/5809783157ns] on relative clock which is above the warn threshold of [5000ms]
2024.09.15 21:46:30 WARN  es[][o.e.t.ThreadPool] timer thread slept for [23.8s/23826ms] on absolute clock which is above the warn threshold of [5000ms]
2024.09.15 22:17:00 WARN  es[][o.e.t.ThreadPool] timer thread slept for [5.9s/5925ms] on absolute clock which is above the warn threshold of [5000ms]
2024.09.15 22:17:00 WARN  es[][o.e.t.ThreadPool] timer thread slept for [5.9s/5924465113ns] on relative clock which is above the warn threshold of [5000ms]
2024.09.15 22:28:42 WARN  es[][o.e.t.ThreadPool] timer thread slept for [11.7m/702117ms] on absolute clock which is above the warn threshold of [5000ms]
2024.09.15 23:00:42 WARN  es[][o.e.t.ThreadPool] timer thread slept for [5.9s/5975ms] on absolute clock which is above the warn threshold of [5000ms]
2024.09.15 23:03:22 WARN  es[][o.e.t.ThreadPool] timer thread slept for [5.9s/5975169863ns] on relative clock which is above the warn threshold of [5000ms]
2024.09.15 23:03:22 WARN  es[][o.e.t.ThreadPool] timer thread slept for [2.6m/160268ms] on absolute clock which is above the warn threshold of [5000ms]
2024.09.15 23:33:52 WARN  es[][o.e.t.ThreadPool] timer thread slept for [5.8s/5859ms] on absolute clock which is above the warn threshold of [5000ms]
2024.09.15 23:33:52 WARN  es[][o.e.t.ThreadPool] execution of [ReschedulingRunnable{runnable=org.elasticsearch.monitor.jvm.JvmGcMonitorService$1@e8a758d, interval=1s}] took [5859ms] which is above the warn threshold of [5000ms]
2024.09.15 23:33:52 WARN  es[][o.e.t.ThreadPool] timer thread slept for [5.8s/5859118227ns] on relative clock which is above the warn threshold of [5000ms]
2024.09.15 23:34:26 WARN  es[][o.e.t.ThreadPool] timer thread slept for [34.1s/34105ms] on absolute clock which is above the warn threshold of [5000ms]
