2024.09.14 00:13:24 WARN  es[][o.e.t.ThreadPool] timer thread slept for [36.2m/2174760ms] on absolute clock which is above the warn threshold of [5000ms]
2024.09.14 00:45:24 WARN  es[][o.e.t.ThreadPool] timer thread slept for [5.8s/5834ms] on absolute clock which is above the warn threshold of [5000ms]
2024.09.14 00:45:24 WARN  es[][o.e.t.ThreadPool] timer thread slept for [5.8s/5834599702ns] on relative clock which is above the warn threshold of [5000ms]
2024.09.14 01:27:08 WARN  es[][o.e.t.ThreadPool] timer thread slept for [41.7m/2503978ms] on absolute clock which is above the warn threshold of [5000ms]
2024.09.14 01:57:38 WARN  es[][o.e.t.ThreadPool] timer thread slept for [5.9s/5947ms] on absolute clock which is above the warn threshold of [5000ms]
2024.09.14 04:20:53 WARN  es[][o.e.t.ThreadPool] timer thread slept for [5.9s/5946799952ns] on relative clock which is above the warn threshold of [5000ms]
2024.09.14 04:20:53 WARN  es[][o.e.t.ThreadPool] timer thread slept for [2.3h/8595501ms] on absolute clock which is above the warn threshold of [5000ms]
2024.09.14 04:52:49 WARN  es[][o.e.t.ThreadPool] timer thread slept for [5.9s/5912ms] on absolute clock which is above the warn threshold of [5000ms]
2024.09.14 04:52:49 WARN  es[][o.e.t.ThreadPool] execution of [ReschedulingRunnable{runnable=org.elasticsearch.monitor.jvm.JvmGcMonitorService$1@e8a758d, interval=1s}] took [5912ms] which is above the warn threshold of [5000ms]
2024.09.14 04:52:49 WARN  es[][o.e.t.ThreadPool] timer thread slept for [5.9s/5912524865ns] on relative clock which is above the warn threshold of [5000ms]
2024.09.14 06:15:48 WARN  es[][o.e.t.ThreadPool] timer thread slept for [1.3h/4978576ms] on absolute clock which is above the warn threshold of [5000ms]
2024.09.14 06:47:47 WARN  es[][o.e.t.ThreadPool] execution of [ReschedulingRunnable{runnable=org.elasticsearch.monitor.jvm.JvmGcMonitorService$1@e8a758d, interval=1s}] took [5777ms] which is above the warn threshold of [5000ms]
2024.09.14 06:47:47 WARN  es[][o.e.t.ThreadPool] timer thread slept for [5.7s/5778ms] on absolute clock which is above the warn threshold of [5000ms]
2024.09.14 06:47:47 WARN  es[][o.e.t.ThreadPool] timer thread slept for [5.7s/5777908732ns] on relative clock which is above the warn threshold of [5000ms]
2024.09.14 06:51:27 WARN  es[][o.e.t.ThreadPool] timer thread slept for [3.6m/219610ms] on absolute clock which is above the warn threshold of [5000ms]
2024.09.14 07:21:56 WARN  es[][o.e.t.ThreadPool] timer thread slept for [5.8s/5899ms] on absolute clock which is above the warn threshold of [5000ms]
2024.09.14 07:21:56 WARN  es[][o.e.t.ThreadPool] timer thread slept for [5.8s/5898944330ns] on relative clock which is above the warn threshold of [5000ms]
2024.09.14 09:21:59 WARN  es[][o.e.t.ThreadPool] timer thread slept for [2h/7202806ms] on absolute clock which is above the warn threshold of [5000ms]
2024.09.14 09:52:58 WARN  es[][o.e.t.ThreadPool] timer thread slept for [5.9s/5940ms] on absolute clock which is above the warn threshold of [5000ms]
2024.09.14 09:52:58 WARN  es[][o.e.t.ThreadPool] timer thread slept for [5.9s/5940731984ns] on relative clock which is above the warn threshold of [5000ms]
2024.09.14 09:56:37 WARN  es[][o.e.t.ThreadPool] timer thread slept for [3.6m/218333ms] on absolute clock which is above the warn threshold of [5000ms]
2024.09.14 10:27:08 WARN  es[][o.e.t.ThreadPool] timer thread slept for [5.8s/5825ms] on absolute clock which is above the warn threshold of [5000ms]
2024.09.14 10:27:08 WARN  es[][o.e.t.ThreadPool] timer thread slept for [5.8s/5825166447ns] on relative clock which is above the warn threshold of [5000ms]
2024.09.14 10:38:32 WARN  es[][o.e.t.ThreadPool] timer thread slept for [11.4m/684274ms] on absolute clock which is above the warn threshold of [5000ms]
2024.09.14 11:10:32 WARN  es[][o.e.t.ThreadPool] timer thread slept for [5.9s/5916ms] on absolute clock which is above the warn threshold of [5000ms]
2024.09.14 11:10:32 WARN  es[][o.e.t.ThreadPool] timer thread slept for [5.9s/5916378706ns] on relative clock which is above the warn threshold of [5000ms]
2024.09.14 11:14:32 WARN  es[][o.e.t.ThreadPool] timer thread slept for [4m/240351ms] on absolute clock which is above the warn threshold of [5000ms]
2024.09.14 11:45:03 WARN  es[][o.e.t.ThreadPool] execution of [ReschedulingRunnable{runnable=org.elasticsearch.indices.IndexingMemoryController$ShardsIndicesStatusChecker@5e226d5d, interval=5s}] took [5860ms] which is above the warn threshold of [5000ms]
2024.09.14 11:45:03 WARN  es[][o.e.t.ThreadPool] timer thread slept for [5.8s/5860ms] on absolute clock which is above the warn threshold of [5000ms]
2024.09.14 11:45:03 WARN  es[][o.e.t.ThreadPool] timer thread slept for [5.8s/5860066828ns] on relative clock which is above the warn threshold of [5000ms]
2024.09.14 11:46:05 WARN  es[][o.e.t.ThreadPool] timer thread slept for [1m/62251ms] on absolute clock which is above the warn threshold of [5000ms]
2024.09.14 14:17:37 WARN  es[][o.e.t.ThreadPool] timer thread slept for [6.1s/6189ms] on absolute clock which is above the warn threshold of [5000ms]
2024.09.14 14:17:37 WARN  es[][o.e.t.ThreadPool] timer thread slept for [6.1s/6188374779ns] on relative clock which is above the warn threshold of [5000ms]
2024.09.14 16:50:27 WARN  es[][o.e.t.ThreadPool] timer thread slept for [2.5h/9169813ms] on absolute clock which is above the warn threshold of [5000ms]
2024.09.14 19:38:27 WARN  es[][o.e.t.ThreadPool] timer thread slept for [6.1s/6150ms] on absolute clock which is above the warn threshold of [5000ms]
2024.09.14 20:04:38 WARN  es[][o.e.t.ThreadPool] timer thread slept for [6.1s/6150447343ns] on relative clock which is above the warn threshold of [5000ms]
2024.09.14 20:04:38 WARN  es[][o.e.t.ThreadPool] timer thread slept for [26.1m/1571362ms] on absolute clock which is above the warn threshold of [5000ms]
2024.09.14 20:35:05 WARN  es[][o.e.t.ThreadPool] timer thread slept for [5.8s/5829ms] on absolute clock which is above the warn threshold of [5000ms]
2024.09.14 20:35:05 WARN  es[][o.e.t.ThreadPool] timer thread slept for [5.8s/5828722499ns] on relative clock which is above the warn threshold of [5000ms]
2024.09.14 20:47:49 WARN  es[][o.e.t.ThreadPool] timer thread slept for [12.7m/763900ms] on absolute clock which is above the warn threshold of [5000ms]
2024.09.14 21:18:18 WARN  es[][o.e.t.ThreadPool] timer thread slept for [6s/6002ms] on absolute clock which is above the warn threshold of [5000ms]
2024.09.14 21:18:18 WARN  es[][o.e.t.ThreadPool] timer thread slept for [6s/6001447265ns] on relative clock which is above the warn threshold of [5000ms]
2024.09.14 21:41:21 WARN  es[][o.e.t.ThreadPool] timer thread slept for [23m/1382533ms] on absolute clock which is above the warn threshold of [5000ms]
2024.09.14 22:13:21 WARN  es[][o.e.t.ThreadPool] timer thread slept for [5.9s/5905ms] on absolute clock which is above the warn threshold of [5000ms]
2024.09.14 22:13:21 WARN  es[][o.e.t.ThreadPool] execution of [ReschedulingRunnable{runnable=org.elasticsearch.monitor.jvm.JvmGcMonitorService$1@e8a758d, interval=1s}] took [5904ms] which is above the warn threshold of [5000ms]
2024.09.14 22:13:21 WARN  es[][o.e.t.ThreadPool] timer thread slept for [5.9s/5904957105ns] on relative clock which is above the warn threshold of [5000ms]
2024.09.14 22:44:56 WARN  es[][o.e.t.ThreadPool] execution of [ReschedulingRunnable{runnable=org.elasticsearch.monitor.jvm.JvmGcMonitorService$1@e8a758d, interval=1s}] took [5833ms] which is above the warn threshold of [5000ms]
2024.09.14 22:44:56 WARN  es[][o.e.t.ThreadPool] timer thread slept for [5.8s/5834ms] on absolute clock which is above the warn threshold of [5000ms]
2024.09.14 22:44:56 WARN  es[][o.e.t.ThreadPool] timer thread slept for [5.8s/5833044281ns] on relative clock which is above the warn threshold of [5000ms]
2024.09.14 22:45:28 WARN  es[][o.e.t.ThreadPool] timer thread slept for [32.2s/32234ms] on absolute clock which is above the warn threshold of [5000ms]
2024.09.14 23:15:57 WARN  es[][o.e.t.ThreadPool] execution of [ReschedulingRunnable{runnable=org.elasticsearch.monitor.jvm.JvmGcMonitorService$1@e8a758d, interval=1s}] took [5907ms] which is above the warn threshold of [5000ms]
2024.09.14 23:15:57 WARN  es[][o.e.t.ThreadPool] timer thread slept for [5.9s/5908ms] on absolute clock which is above the warn threshold of [5000ms]
2024.09.14 23:37:40 WARN  es[][o.e.t.ThreadPool] timer thread slept for [5.9s/5907792841ns] on relative clock which is above the warn threshold of [5000ms]
2024.09.14 23:37:40 WARN  es[][o.e.t.ThreadPool] timer thread slept for [21.7m/1302562ms] on absolute clock which is above the warn threshold of [5000ms]
