2024.09.13 00:02:25 WARN  es[][o.e.t.ThreadPool] timer thread slept for [11.4m/688098ms] on absolute clock which is above the warn threshold of [5000ms]
2024.09.13 00:32:54 WARN  es[][o.e.t.ThreadPool] timer thread slept for [5.8s/5844ms] on absolute clock which is above the warn threshold of [5000ms]
2024.09.13 01:00:42 WARN  es[][o.e.t.ThreadPool] timer thread slept for [5.8s/5844521803ns] on relative clock which is above the warn threshold of [5000ms]
2024.09.13 01:00:42 WARN  es[][o.e.t.ThreadPool] timer thread slept for [27.7m/1667703ms] on absolute clock which is above the warn threshold of [5000ms]
2024.09.13 01:32:38 WARN  es[][o.e.t.ThreadPool] timer thread slept for [5.8s/5822ms] on absolute clock which is above the warn threshold of [5000ms]
2024.09.13 02:56:51 WARN  es[][o.e.t.ThreadPool] timer thread slept for [5.8s/5821878462ns] on relative clock which is above the warn threshold of [5000ms]
2024.09.13 02:56:51 WARN  es[][o.e.t.ThreadPool] timer thread slept for [1.4h/5052679ms] on absolute clock which is above the warn threshold of [5000ms]
2024.09.13 03:28:47 WARN  es[][o.e.t.ThreadPool] timer thread slept for [5.7s/5766ms] on absolute clock which is above the warn threshold of [5000ms]
2024.09.13 03:38:48 WARN  es[][o.e.t.ThreadPool] timer thread slept for [5.7s/5765950459ns] on relative clock which is above the warn threshold of [5000ms]
2024.09.13 03:38:48 WARN  es[][o.e.t.ThreadPool] timer thread slept for [10m/600497ms] on absolute clock which is above the warn threshold of [5000ms]
2024.09.13 04:09:18 WARN  es[][o.e.t.ThreadPool] timer thread slept for [5.8s/5837ms] on absolute clock which is above the warn threshold of [5000ms]
2024.09.13 04:09:18 WARN  es[][o.e.t.ThreadPool] timer thread slept for [5.8s/5836966944ns] on relative clock which is above the warn threshold of [5000ms]
2024.09.13 04:54:44 WARN  es[][o.e.t.ThreadPool] timer thread slept for [45.4m/2725937ms] on absolute clock which is above the warn threshold of [5000ms]
2024.09.13 05:26:44 WARN  es[][o.e.t.ThreadPool] timer thread slept for [5.7s/5780ms] on absolute clock which is above the warn threshold of [5000ms]
2024.09.13 05:26:44 WARN  es[][o.e.t.ThreadPool] execution of [ReschedulingRunnable{runnable=org.elasticsearch.indices.IndexingMemoryController$ShardsIndicesStatusChecker@5e226d5d, interval=5s}] took [5779ms] which is above the warn threshold of [5000ms]
2024.09.13 05:53:24 WARN  es[][o.e.t.ThreadPool] timer thread slept for [5.7s/5779480278ns] on relative clock which is above the warn threshold of [5000ms]
2024.09.13 05:53:24 WARN  es[][o.e.t.ThreadPool] timer thread slept for [26.6m/1599960ms] on absolute clock which is above the warn threshold of [5000ms]
2024.09.13 06:25:24 WARN  es[][o.e.t.ThreadPool] timer thread slept for [5.9s/5929ms] on absolute clock which is above the warn threshold of [5000ms]
2024.09.13 06:25:24 WARN  es[][o.e.t.ThreadPool] timer thread slept for [5.9s/5929153363ns] on relative clock which is above the warn threshold of [5000ms]
2024.09.13 06:54:04 WARN  es[][o.e.t.ThreadPool] timer thread slept for [28.6m/1720062ms] on absolute clock which is above the warn threshold of [5000ms]
2024.09.13 07:26:04 WARN  es[][o.e.t.ThreadPool] timer thread slept for [5.7s/5723ms] on absolute clock which is above the warn threshold of [5000ms]
2024.09.13 07:26:04 WARN  es[][o.e.t.ThreadPool] timer thread slept for [5.7s/5723915208ns] on relative clock which is above the warn threshold of [5000ms]
2024.09.13 09:51:18 WARN  es[][o.e.t.ThreadPool] timer thread slept for [2.4h/8713768ms] on absolute clock which is above the warn threshold of [5000ms]
2024.09.13 10:23:18 WARN  es[][o.e.t.ThreadPool] timer thread slept for [5.9s/5928ms] on absolute clock which is above the warn threshold of [5000ms]
2024.09.13 10:23:18 WARN  es[][o.e.t.ThreadPool] timer thread slept for [5.9s/5927035999ns] on relative clock which is above the warn threshold of [5000ms]
2024.09.13 10:38:28 WARN  es[][o.e.t.ThreadPool] timer thread slept for [15.1m/910047ms] on absolute clock which is above the warn threshold of [5000ms]
2024.09.13 11:08:58 WARN  es[][o.e.t.ThreadPool] timer thread slept for [5.7s/5759ms] on absolute clock which is above the warn threshold of [5000ms]
2024.09.13 11:12:21 WARN  es[][o.e.t.ThreadPool] timer thread slept for [5.7s/5759410091ns] on relative clock which is above the warn threshold of [5000ms]
2024.09.13 11:12:21 WARN  es[][o.e.t.ThreadPool] timer thread slept for [3.3m/203143ms] on absolute clock which is above the warn threshold of [5000ms]
2024.09.13 11:42:50 WARN  es[][o.e.t.ThreadPool] timer thread slept for [5.8s/5847ms] on absolute clock which is above the warn threshold of [5000ms]
2024.09.13 11:42:50 WARN  es[][o.e.t.ThreadPool] execution of [ReschedulingRunnable{runnable=org.elasticsearch.monitor.jvm.JvmGcMonitorService$1@e8a758d, interval=1s}] took [5846ms] which is above the warn threshold of [5000ms]
2024.09.13 11:42:50 WARN  es[][o.e.t.ThreadPool] timer thread slept for [5.8s/5846676041ns] on relative clock which is above the warn threshold of [5000ms]
2024.09.13 11:42:58 WARN  es[][o.e.t.ThreadPool] timer thread slept for [7.4s/7451ms] on absolute clock which is above the warn threshold of [5000ms]
2024.09.13 12:13:28 WARN  es[][o.e.t.ThreadPool] execution of [ReschedulingRunnable{runnable=org.elasticsearch.indices.IndexingMemoryController$ShardsIndicesStatusChecker@5e226d5d, interval=5s}] took [5854ms] which is above the warn threshold of [5000ms]
2024.09.13 12:13:28 WARN  es[][o.e.t.ThreadPool] timer thread slept for [5.8s/5854ms] on absolute clock which is above the warn threshold of [5000ms]
2024.09.13 12:13:28 WARN  es[][o.e.t.ThreadPool] timer thread slept for [5.8s/5854147706ns] on relative clock which is above the warn threshold of [5000ms]
2024.09.13 12:14:40 WARN  es[][o.e.t.ThreadPool] timer thread slept for [1.1m/71872ms] on absolute clock which is above the warn threshold of [5000ms]
2024.09.13 12:45:09 WARN  es[][o.e.t.ThreadPool] timer thread slept for [5.8s/5824ms] on absolute clock which is above the warn threshold of [5000ms]
2024.09.13 12:54:03 WARN  es[][o.e.t.ThreadPool] timer thread slept for [5.8s/5823178452ns] on relative clock which is above the warn threshold of [5000ms]
2024.09.13 12:54:03 WARN  es[][o.e.t.ThreadPool] timer thread slept for [8.8m/533339ms] on absolute clock which is above the warn threshold of [5000ms]
2024.09.13 13:26:02 WARN  es[][o.e.t.ThreadPool] execution of [ReschedulingRunnable{runnable=org.elasticsearch.monitor.jvm.JvmGcMonitorService$1@e8a758d, interval=1s}] took [5832ms] which is above the warn threshold of [5000ms]
2024.09.13 13:26:02 WARN  es[][o.e.t.ThreadPool] timer thread slept for [5.8s/5833ms] on absolute clock which is above the warn threshold of [5000ms]
2024.09.13 13:27:52 WARN  es[][o.e.t.ThreadPool] timer thread slept for [5.8s/5832853772ns] on relative clock which is above the warn threshold of [5000ms]
2024.09.13 13:27:52 WARN  es[][o.e.t.ThreadPool] timer thread slept for [1.8m/109373ms] on absolute clock which is above the warn threshold of [5000ms]
2024.09.13 13:58:22 WARN  es[][o.e.t.ThreadPool] timer thread slept for [5.8s/5850ms] on absolute clock which is above the warn threshold of [5000ms]
2024.09.13 13:58:22 WARN  es[][o.e.t.ThreadPool] timer thread slept for [5.8s/5849821952ns] on relative clock which is above the warn threshold of [5000ms]
2024.09.13 14:05:31 WARN  es[][o.e.t.ThreadPool] timer thread slept for [7.1m/429171ms] on absolute clock which is above the warn threshold of [5000ms]
2024.09.13 14:36:01 WARN  es[][o.e.t.ThreadPool] timer thread slept for [5.7s/5747ms] on absolute clock which is above the warn threshold of [5000ms]
2024.09.13 14:36:01 WARN  es[][o.e.t.ThreadPool] timer thread slept for [5.7s/5747013968ns] on relative clock which is above the warn threshold of [5000ms]
2024.09.13 14:39:14 WARN  es[][o.e.t.ThreadPool] timer thread slept for [3.2m/193006ms] on absolute clock which is above the warn threshold of [5000ms]
2024.09.13 15:11:14 WARN  es[][o.e.t.ThreadPool] timer thread slept for [5.7s/5737ms] on absolute clock which is above the warn threshold of [5000ms]
2024.09.13 15:11:14 WARN  es[][o.e.t.ThreadPool] execution of [ReschedulingRunnable{runnable=org.elasticsearch.monitor.jvm.JvmGcMonitorService$1@e8a758d, interval=1s}] took [5736ms] which is above the warn threshold of [5000ms]
2024.09.13 15:11:14 WARN  es[][o.e.t.ThreadPool] timer thread slept for [5.7s/5736794814ns] on relative clock which is above the warn threshold of [5000ms]
2024.09.13 15:12:05 WARN  es[][o.e.t.ThreadPool] timer thread slept for [51.2s/51254ms] on absolute clock which is above the warn threshold of [5000ms]
2024.09.13 17:43:38 WARN  es[][o.e.t.ThreadPool] timer thread slept for [5.9s/5959ms] on absolute clock which is above the warn threshold of [5000ms]
2024.09.13 17:43:38 WARN  es[][o.e.t.ThreadPool] timer thread slept for [5.9s/5959069697ns] on relative clock which is above the warn threshold of [5000ms]
2024.09.13 17:46:08 WARN  es[][o.e.t.ThreadPool] timer thread slept for [2.4m/149918ms] on absolute clock which is above the warn threshold of [5000ms]
2024.09.13 23:01:38 WARN  es[][o.e.t.ThreadPool] timer thread slept for [5.9s/5906ms] on absolute clock which is above the warn threshold of [5000ms]
2024.09.13 23:01:38 WARN  es[][o.e.t.ThreadPool] timer thread slept for [5.9s/5905838811ns] on relative clock which is above the warn threshold of [5000ms]
2024.09.13 23:06:43 WARN  es[][o.e.t.ThreadPool] timer thread slept for [5m/305273ms] on absolute clock which is above the warn threshold of [5000ms]
2024.09.13 23:37:09 WARN  es[][o.e.t.ThreadPool] execution of [ReschedulingRunnable{runnable=org.elasticsearch.monitor.jvm.JvmGcMonitorService$1@e8a758d, interval=1s}] took [5856ms] which is above the warn threshold of [5000ms]
2024.09.13 23:37:09 WARN  es[][o.e.t.ThreadPool] timer thread slept for [5.8s/5857ms] on absolute clock which is above the warn threshold of [5000ms]
2024.09.13 23:37:09 WARN  es[][o.e.t.ThreadPool] timer thread slept for [5.8s/5856572632ns] on relative clock which is above the warn threshold of [5000ms]
