2024.09.17 00:09:21 WARN  es[][o.e.t.ThreadPool] timer thread slept for [5.8s/5861ms] on absolute clock which is above the warn threshold of [5000ms]
2024.09.17 00:09:21 WARN  es[][o.e.t.ThreadPool] timer thread slept for [5.8s/5861389427ns] on relative clock which is above the warn threshold of [5000ms]
2024.09.17 00:10:22 WARN  es[][o.e.t.ThreadPool] timer thread slept for [58.1s/58159ms] on absolute clock which is above the warn threshold of [5000ms]
2024.09.17 00:40:48 WARN  es[][o.e.t.ThreadPool] timer thread slept for [5.8s/5820ms] on absolute clock which is above the warn threshold of [5000ms]
2024.09.17 00:41:49 WARN  es[][o.e.t.ThreadPool] timer thread slept for [5.8s/5820669093ns] on relative clock which is above the warn threshold of [5000ms]
2024.09.17 00:41:49 WARN  es[][o.e.t.ThreadPool] timer thread slept for [1m/61011ms] on absolute clock which is above the warn threshold of [5000ms]
2024.09.17 01:12:15 WARN  es[][o.e.t.ThreadPool] timer thread slept for [5.8s/5860ms] on absolute clock which is above the warn threshold of [5000ms]
2024.09.17 01:12:15 WARN  es[][o.e.t.ThreadPool] execution of [ReschedulingRunnable{runnable=org.elasticsearch.monitor.jvm.JvmGcMonitorService$1@e8a758d, interval=1s}] took [5860ms] which is above the warn threshold of [5000ms]
2024.09.17 01:12:40 WARN  es[][o.e.t.ThreadPool] timer thread slept for [5.8s/5860675884ns] on relative clock which is above the warn threshold of [5000ms]
2024.09.17 01:12:40 WARN  es[][o.e.t.ThreadPool] timer thread slept for [25.2s/25210ms] on absolute clock which is above the warn threshold of [5000ms]
2024.09.17 01:43:10 WARN  es[][o.e.t.ThreadPool] timer thread slept for [6s/6091ms] on absolute clock which is above the warn threshold of [5000ms]
2024.09.17 01:43:10 WARN  es[][o.e.t.ThreadPool] execution of [ReschedulingRunnable{runnable=org.elasticsearch.monitor.jvm.JvmGcMonitorService$1@e8a758d, interval=1s}] took [6091ms] which is above the warn threshold of [5000ms]
2024.09.17 01:43:10 WARN  es[][o.e.t.ThreadPool] timer thread slept for [6s/6091573113ns] on relative clock which is above the warn threshold of [5000ms]
2024.09.17 01:44:38 WARN  es[][o.e.t.ThreadPool] timer thread slept for [1.4m/88185ms] on absolute clock which is above the warn threshold of [5000ms]
2024.09.17 02:15:08 WARN  es[][o.e.t.ThreadPool] timer thread slept for [6.2s/6285ms] on absolute clock which is above the warn threshold of [5000ms]
2024.09.17 02:15:08 WARN  es[][o.e.t.ThreadPool] execution of [ReschedulingRunnable{runnable=org.elasticsearch.monitor.jvm.JvmGcMonitorService$1@e8a758d, interval=1s}] took [6285ms] which is above the warn threshold of [5000ms]
2024.09.17 02:15:08 WARN  es[][o.e.t.ThreadPool] timer thread slept for [6.2s/6285219334ns] on relative clock which is above the warn threshold of [5000ms]
2024.09.17 02:16:05 WARN  es[][o.e.t.ThreadPool] timer thread slept for [56.3s/56386ms] on absolute clock which is above the warn threshold of [5000ms]
2024.09.17 02:46:35 WARN  es[][o.e.t.ThreadPool] timer thread slept for [5.8s/5850ms] on absolute clock which is above the warn threshold of [5000ms]
2024.09.17 02:46:35 WARN  es[][o.e.t.ThreadPool] execution of [ReschedulingRunnable{runnable=org.elasticsearch.monitor.jvm.JvmGcMonitorService$1@e8a758d, interval=1s}] took [5849ms] which is above the warn threshold of [5000ms]
2024.09.17 02:46:35 WARN  es[][o.e.t.ThreadPool] timer thread slept for [5.8s/5849432010ns] on relative clock which is above the warn threshold of [5000ms]
2024.09.17 02:47:33 WARN  es[][o.e.t.ThreadPool] timer thread slept for [57.9s/57967ms] on absolute clock which is above the warn threshold of [5000ms]
2024.09.17 03:18:02 WARN  es[][o.e.t.ThreadPool] timer thread slept for [5.8s/5824ms] on absolute clock which is above the warn threshold of [5000ms]
2024.09.17 03:18:02 WARN  es[][o.e.t.ThreadPool] timer thread slept for [5.8s/5823232962ns] on relative clock which is above the warn threshold of [5000ms]
2024.09.17 03:18:07 WARN  es[][o.e.t.ThreadPool] timer thread slept for [5.1s/5163ms] on absolute clock which is above the warn threshold of [5000ms]
2024.09.17 03:48:36 WARN  es[][o.e.t.ThreadPool] timer thread slept for [5.9s/5956ms] on absolute clock which is above the warn threshold of [5000ms]
2024.09.17 03:48:36 WARN  es[][o.e.t.ThreadPool] timer thread slept for [5.9s/5955394923ns] on relative clock which is above the warn threshold of [5000ms]
2024.09.17 03:50:25 WARN  es[][o.e.t.ThreadPool] timer thread slept for [1.8m/108608ms] on absolute clock which is above the warn threshold of [5000ms]
2024.09.17 04:20:55 WARN  es[][o.e.t.ThreadPool] execution of [ReschedulingRunnable{runnable=org.elasticsearch.monitor.jvm.JvmGcMonitorService$1@e8a758d, interval=1s}] took [5845ms] which is above the warn threshold of [5000ms]
2024.09.17 04:20:55 WARN  es[][o.e.t.ThreadPool] timer thread slept for [5.8s/5846ms] on absolute clock which is above the warn threshold of [5000ms]
2024.09.17 04:20:55 WARN  es[][o.e.t.ThreadPool] timer thread slept for [5.8s/5845996669ns] on relative clock which is above the warn threshold of [5000ms]
2024.09.17 04:21:55 WARN  es[][o.e.t.ThreadPool] timer thread slept for [56.4s/56437ms] on absolute clock which is above the warn threshold of [5000ms]
2024.09.17 04:52:22 WARN  es[][o.e.t.ThreadPool] timer thread slept for [5.9s/5905ms] on absolute clock which is above the warn threshold of [5000ms]
2024.09.17 04:52:22 WARN  es[][o.e.t.ThreadPool] timer thread slept for [5.9s/5905686185ns] on relative clock which is above the warn threshold of [5000ms]
2024.09.17 04:53:19 WARN  es[][o.e.t.ThreadPool] timer thread slept for [56.6s/56673ms] on absolute clock which is above the warn threshold of [5000ms]
2024.09.17 05:25:19 WARN  es[][o.e.t.ThreadPool] timer thread slept for [5.9s/5947ms] on absolute clock which is above the warn threshold of [5000ms]
2024.09.17 05:25:19 WARN  es[][o.e.t.ThreadPool] execution of [ReschedulingRunnable{runnable=org.elasticsearch.indices.IndexingMemoryController$ShardsIndicesStatusChecker@5e226d5d, interval=5s}] took [5947ms] which is above the warn threshold of [5000ms]
2024.09.17 05:25:19 WARN  es[][o.e.t.ThreadPool] timer thread slept for [5.9s/5947180707ns] on relative clock which is above the warn threshold of [5000ms]
2024.09.17 05:30:23 WARN  es[][o.e.t.ThreadPool] timer thread slept for [5m/303700ms] on absolute clock which is above the warn threshold of [5000ms]
2024.09.17 06:00:53 WARN  es[][o.e.t.ThreadPool] timer thread slept for [5.9s/5998ms] on absolute clock which is above the warn threshold of [5000ms]
2024.09.17 06:00:53 WARN  es[][o.e.t.ThreadPool] timer thread slept for [5.9s/5998682964ns] on relative clock which is above the warn threshold of [5000ms]
2024.09.17 06:05:09 WARN  es[][o.e.t.ThreadPool] timer thread slept for [4.2m/253084ms] on absolute clock which is above the warn threshold of [5000ms]
2024.09.17 06:35:35 WARN  es[][o.e.t.ThreadPool] timer thread slept for [5.9s/5995ms] on absolute clock which is above the warn threshold of [5000ms]
2024.09.17 06:35:35 WARN  es[][o.e.t.ThreadPool] timer thread slept for [5.9s/5994751257ns] on relative clock which is above the warn threshold of [5000ms]
2024.09.17 06:38:15 WARN  es[][o.e.t.ThreadPool] timer thread slept for [2.6m/159530ms] on absolute clock which is above the warn threshold of [5000ms]
2024.09.17 07:10:15 WARN  es[][o.e.t.ThreadPool] timer thread slept for [5.9s/5956ms] on absolute clock which is above the warn threshold of [5000ms]
2024.09.17 07:10:15 WARN  es[][o.e.t.ThreadPool] timer thread slept for [5.9s/5955785429ns] on relative clock which is above the warn threshold of [5000ms]
2024.09.17 07:11:38 WARN  es[][o.e.t.ThreadPool] timer thread slept for [1.3m/82493ms] on absolute clock which is above the warn threshold of [5000ms]
2024.09.17 07:42:08 WARN  es[][o.e.t.ThreadPool] timer thread slept for [6s/6023ms] on absolute clock which is above the warn threshold of [5000ms]
2024.09.17 07:42:08 WARN  es[][o.e.t.ThreadPool] execution of [ReschedulingRunnable{runnable=org.elasticsearch.monitor.jvm.JvmGcMonitorService$1@e8a758d, interval=1s}] took [6023ms] which is above the warn threshold of [5000ms]
2024.09.17 07:42:48 WARN  es[][o.e.t.ThreadPool] timer thread slept for [6s/6023066787ns] on relative clock which is above the warn threshold of [5000ms]
2024.09.17 07:42:48 WARN  es[][o.e.t.ThreadPool] timer thread slept for [39.8s/39884ms] on absolute clock which is above the warn threshold of [5000ms]
2024.09.17 08:14:48 WARN  es[][o.e.t.ThreadPool] timer thread slept for [5.9s/5935ms] on absolute clock which is above the warn threshold of [5000ms]
2024.09.17 08:14:48 WARN  es[][o.e.t.ThreadPool] timer thread slept for [5.9s/5934485787ns] on relative clock which is above the warn threshold of [5000ms]
2024.09.17 08:16:31 WARN  es[][o.e.t.ThreadPool] timer thread slept for [1.7m/102564ms] on absolute clock which is above the warn threshold of [5000ms]
2024.09.17 08:47:01 WARN  es[][o.e.t.ThreadPool] timer thread slept for [5.9s/5983ms] on absolute clock which is above the warn threshold of [5000ms]
2024.09.17 08:47:01 WARN  es[][o.e.t.ThreadPool] execution of [ReschedulingRunnable{runnable=org.elasticsearch.indices.IndexingMemoryController$ShardsIndicesStatusChecker@5e226d5d, interval=5s}] took [5983ms] which is above the warn threshold of [5000ms]
2024.09.17 08:47:01 WARN  es[][o.e.t.ThreadPool] timer thread slept for [5.9s/5983421738ns] on relative clock which is above the warn threshold of [5000ms]
2024.09.17 08:49:26 WARN  es[][o.e.t.ThreadPool] timer thread slept for [2.4m/144634ms] on absolute clock which is above the warn threshold of [5000ms]
2024.09.17 09:19:56 WARN  es[][o.e.t.ThreadPool] execution of [ReschedulingRunnable{runnable=org.elasticsearch.indices.IndexingMemoryController$ShardsIndicesStatusChecker@5e226d5d, interval=5s}] took [5944ms] which is above the warn threshold of [5000ms]
2024.09.17 09:19:56 WARN  es[][o.e.t.ThreadPool] timer thread slept for [5.9s/5945ms] on absolute clock which is above the warn threshold of [5000ms]
2024.09.17 09:19:56 WARN  es[][o.e.t.ThreadPool] timer thread slept for [5.9s/5944988034ns] on relative clock which is above the warn threshold of [5000ms]
2024.09.17 09:23:26 WARN  es[][o.e.t.ThreadPool] timer thread slept for [3.5m/210027ms] on absolute clock which is above the warn threshold of [5000ms]
2024.09.17 09:55:25 WARN  es[][o.e.t.ThreadPool] timer thread slept for [6s/6029ms] on absolute clock which is above the warn threshold of [5000ms]
2024.09.17 09:55:25 WARN  es[][o.e.t.ThreadPool] timer thread slept for [6s/6028559778ns] on relative clock which is above the warn threshold of [5000ms]
2024.09.17 10:02:23 WARN  es[][o.e.t.ThreadPool] timer thread slept for [6.9m/418327ms] on absolute clock which is above the warn threshold of [5000ms]
2024.09.17 10:32:53 WARN  es[][o.e.t.ThreadPool] timer thread slept for [6s/6012ms] on absolute clock which is above the warn threshold of [5000ms]
2024.09.17 10:32:53 WARN  es[][o.e.t.ThreadPool] timer thread slept for [6s/6011385029ns] on relative clock which is above the warn threshold of [5000ms]
2024.09.17 10:33:50 WARN  es[][o.e.t.ThreadPool] timer thread slept for [57s/57011ms] on absolute clock which is above the warn threshold of [5000ms]
2024.09.17 11:04:19 WARN  es[][o.e.t.ThreadPool] timer thread slept for [5.9s/5948ms] on absolute clock which is above the warn threshold of [5000ms]
2024.09.17 11:04:19 WARN  es[][o.e.t.ThreadPool] timer thread slept for [5.9s/5947137223ns] on relative clock which is above the warn threshold of [5000ms]
2024.09.17 11:10:33 WARN  es[][o.e.t.ThreadPool] timer thread slept for [6.2m/373376ms] on absolute clock which is above the warn threshold of [5000ms]
2024.09.17 11:42:33 WARN  es[][o.e.t.ThreadPool] timer thread slept for [5.8s/5866ms] on absolute clock which is above the warn threshold of [5000ms]
2024.09.17 11:42:33 WARN  es[][o.e.t.ThreadPool] timer thread slept for [5.8s/5866180320ns] on relative clock which is above the warn threshold of [5000ms]
2024.09.17 11:46:09 WARN  es[][o.e.t.ThreadPool] timer thread slept for [3.5m/215816ms] on absolute clock which is above the warn threshold of [5000ms]
2024.09.17 12:16:39 WARN  es[][o.e.t.ThreadPool] timer thread slept for [5.9s/5938ms] on absolute clock which is above the warn threshold of [5000ms]
2024.09.17 12:16:39 WARN  es[][o.e.t.ThreadPool] timer thread slept for [5.9s/5937754570ns] on relative clock which is above the warn threshold of [5000ms]
2024.09.17 12:18:13 WARN  es[][o.e.t.ThreadPool] timer thread slept for [1.5m/94268ms] on absolute clock which is above the warn threshold of [5000ms]
2024.09.17 13:12:44 WARN  es[][o.e.t.ThreadPool] timer thread slept for [6.2s/6256ms] on absolute clock which is above the warn threshold of [5000ms]
2024.09.17 13:14:11 WARN  es[][o.e.t.ThreadPool] timer thread slept for [6.2s/6255944615ns] on relative clock which is above the warn threshold of [5000ms]
2024.09.17 13:14:11 WARN  es[][o.e.t.ThreadPool] timer thread slept for [1.4m/87187ms] on absolute clock which is above the warn threshold of [5000ms]
2024.09.17 13:44:40 WARN  es[][o.e.t.ThreadPool] timer thread slept for [5.9s/5924ms] on absolute clock which is above the warn threshold of [5000ms]
2024.09.17 13:44:40 WARN  es[][o.e.t.ThreadPool] timer thread slept for [5.9s/5923341090ns] on relative clock which is above the warn threshold of [5000ms]
2024.09.17 13:44:40 WARN  es[][o.e.t.ThreadPool] execution of [ReschedulingRunnable{runnable=org.elasticsearch.monitor.jvm.JvmGcMonitorService$1@e8a758d, interval=1s}] took [5923ms] which is above the warn threshold of [5000ms]
2024.09.17 13:47:05 WARN  es[][o.e.t.ThreadPool] timer thread slept for [2.4m/144913ms] on absolute clock which is above the warn threshold of [5000ms]
2024.09.17 14:17:34 WARN  es[][o.e.t.ThreadPool] timer thread slept for [5.8s/5829ms] on absolute clock which is above the warn threshold of [5000ms]
2024.09.17 14:17:34 WARN  es[][o.e.t.ThreadPool] timer thread slept for [5.8s/5828923767ns] on relative clock which is above the warn threshold of [5000ms]
2024.09.17 14:20:04 WARN  es[][o.e.t.ThreadPool] timer thread slept for [2.4m/149539ms] on absolute clock which is above the warn threshold of [5000ms]
2024.09.17 14:50:34 WARN  es[][o.e.t.ThreadPool] timer thread slept for [5.8s/5863ms] on absolute clock which is above the warn threshold of [5000ms]
2024.09.17 14:50:34 WARN  es[][o.e.t.ThreadPool] execution of [ReschedulingRunnable{runnable=org.elasticsearch.monitor.jvm.JvmGcMonitorService$1@e8a758d, interval=1s}] took [5863ms] which is above the warn threshold of [5000ms]
2024.09.17 14:50:34 WARN  es[][o.e.t.ThreadPool] timer thread slept for [5.8s/5863377262ns] on relative clock which is above the warn threshold of [5000ms]
2024.09.17 14:51:27 WARN  es[][o.e.t.ThreadPool] timer thread slept for [53.1s/53194ms] on absolute clock which is above the warn threshold of [5000ms]
2024.09.17 15:21:56 WARN  es[][o.e.t.ThreadPool] timer thread slept for [5.8s/5899ms] on absolute clock which is above the warn threshold of [5000ms]
2024.09.17 15:21:56 WARN  es[][o.e.t.ThreadPool] execution of [ReschedulingRunnable{runnable=org.elasticsearch.monitor.jvm.JvmGcMonitorService$1@e8a758d, interval=1s}] took [5898ms] which is above the warn threshold of [5000ms]
2024.09.17 15:21:56 WARN  es[][o.e.t.ThreadPool] timer thread slept for [5.8s/5898760238ns] on relative clock which is above the warn threshold of [5000ms]
2024.09.17 15:22:17 WARN  es[][o.e.t.ThreadPool] timer thread slept for [20.4s/20422ms] on absolute clock which is above the warn threshold of [5000ms]
2024.09.17 15:54:17 WARN  es[][o.e.t.ThreadPool] timer thread slept for [5.9s/5948ms] on absolute clock which is above the warn threshold of [5000ms]
2024.09.17 15:54:17 WARN  es[][o.e.t.ThreadPool] timer thread slept for [5.9s/5948702287ns] on relative clock which is above the warn threshold of [5000ms]
2024.09.17 15:56:23 WARN  es[][o.e.t.ThreadPool] timer thread slept for [2m/122512ms] on absolute clock which is above the warn threshold of [5000ms]
2024.09.17 16:28:19 WARN  es[][o.e.t.ThreadPool] timer thread slept for [5.9s/5993ms] on absolute clock which is above the warn threshold of [5000ms]
2024.09.17 16:30:53 WARN  es[][o.e.t.ThreadPool] timer thread slept for [5.9s/5993008384ns] on relative clock which is above the warn threshold of [5000ms]
2024.09.17 16:30:53 WARN  es[][o.e.t.ThreadPool] timer thread slept for [2.5m/153798ms] on absolute clock which is above the warn threshold of [5000ms]
2024.09.17 17:01:23 WARN  es[][o.e.t.ThreadPool] timer thread slept for [5.8s/5877ms] on absolute clock which is above the warn threshold of [5000ms]
2024.09.17 17:01:23 WARN  es[][o.e.t.ThreadPool] timer thread slept for [5.8s/5877075236ns] on relative clock which is above the warn threshold of [5000ms]
2024.09.17 17:04:26 WARN  es[][o.e.t.ThreadPool] timer thread slept for [3m/183413ms] on absolute clock which is above the warn threshold of [5000ms]
2024.09.17 17:36:25 WARN  es[][o.e.t.ThreadPool] timer thread slept for [5.9s/5912ms] on absolute clock which is above the warn threshold of [5000ms]
2024.09.17 17:36:25 WARN  es[][o.e.t.ThreadPool] timer thread slept for [5.9s/5911718280ns] on relative clock which is above the warn threshold of [5000ms]
2024.09.17 17:37:10 WARN  es[][o.e.t.ThreadPool] timer thread slept for [44.4s/44480ms] on absolute clock which is above the warn threshold of [5000ms]
2024.09.17 18:07:40 WARN  es[][o.e.t.ThreadPool] timer thread slept for [5.9s/5915ms] on absolute clock which is above the warn threshold of [5000ms]
2024.09.17 18:07:40 WARN  es[][o.e.t.ThreadPool] execution of [ReschedulingRunnable{runnable=org.elasticsearch.indices.IndexingMemoryController$ShardsIndicesStatusChecker@5e226d5d, interval=5s}] took [5914ms] which is above the warn threshold of [5000ms]
2024.09.17 18:07:40 WARN  es[][o.e.t.ThreadPool] timer thread slept for [5.9s/5914998101ns] on relative clock which is above the warn threshold of [5000ms]
2024.09.17 18:13:34 WARN  es[][o.e.t.ThreadPool] timer thread slept for [5.8m/353636ms] on absolute clock which is above the warn threshold of [5000ms]
2024.09.17 18:45:34 WARN  es[][o.e.t.ThreadPool] timer thread slept for [5.8s/5885ms] on absolute clock which is above the warn threshold of [5000ms]
2024.09.17 18:45:34 WARN  es[][o.e.t.ThreadPool] execution of [ReschedulingRunnable{runnable=org.elasticsearch.monitor.jvm.JvmGcMonitorService$1@e8a758d, interval=1s}] took [5884ms] which is above the warn threshold of [5000ms]
2024.09.17 18:45:34 WARN  es[][o.e.t.ThreadPool] timer thread slept for [5.8s/5884287330ns] on relative clock which is above the warn threshold of [5000ms]
2024.09.17 18:47:59 WARN  es[][o.e.t.ThreadPool] timer thread slept for [2.4m/145018ms] on absolute clock which is above the warn threshold of [5000ms]
2024.09.17 19:18:29 WARN  es[][o.e.t.ThreadPool] timer thread slept for [5.9s/5976ms] on absolute clock which is above the warn threshold of [5000ms]
2024.09.17 19:18:29 WARN  es[][o.e.t.ThreadPool] execution of [ReschedulingRunnable{runnable=org.elasticsearch.indices.IndexingMemoryController$ShardsIndicesStatusChecker@5e226d5d, interval=5s}] took [5976ms] which is above the warn threshold of [5000ms]
2024.09.17 19:19:49 WARN  es[][o.e.t.ThreadPool] timer thread slept for [5.9s/5976773147ns] on relative clock which is above the warn threshold of [5000ms]
2024.09.17 19:19:49 WARN  es[][o.e.t.ThreadPool] timer thread slept for [1.3m/80047ms] on absolute clock which is above the warn threshold of [5000ms]
2024.09.17 19:50:19 WARN  es[][o.e.t.ThreadPool] timer thread slept for [5.9s/5903ms] on absolute clock which is above the warn threshold of [5000ms]
2024.09.17 19:50:19 WARN  es[][o.e.t.ThreadPool] timer thread slept for [5.9s/5902670327ns] on relative clock which is above the warn threshold of [5000ms]
2024.09.17 19:52:37 WARN  es[][o.e.t.ThreadPool] timer thread slept for [2.2m/137924ms] on absolute clock which is above the warn threshold of [5000ms]
2024.09.17 20:23:06 WARN  es[][o.e.t.ThreadPool] timer thread slept for [5.9s/5939ms] on absolute clock which is above the warn threshold of [5000ms]
2024.09.17 20:23:30 WARN  es[][o.e.t.ThreadPool] timer thread slept for [5.9s/5938432268ns] on relative clock which is above the warn threshold of [5000ms]
2024.09.17 20:23:30 WARN  es[][o.e.t.ThreadPool] timer thread slept for [24s/24028ms] on absolute clock which is above the warn threshold of [5000ms]
2024.09.17 20:53:59 WARN  es[][o.e.t.ThreadPool] timer thread slept for [5.8s/5825ms] on absolute clock which is above the warn threshold of [5000ms]
2024.09.17 20:53:59 WARN  es[][o.e.t.ThreadPool] execution of [ReschedulingRunnable{runnable=org.elasticsearch.monitor.jvm.JvmGcMonitorService$1@e8a758d, interval=1s}] took [5825ms] which is above the warn threshold of [5000ms]
2024.09.17 20:53:59 WARN  es[][o.e.t.ThreadPool] timer thread slept for [5.8s/5825772830ns] on relative clock which is above the warn threshold of [5000ms]
2024.09.17 20:55:04 WARN  es[][o.e.t.ThreadPool] timer thread slept for [1m/64801ms] on absolute clock which is above the warn threshold of [5000ms]
2024.09.17 21:25:35 WARN  es[][o.e.t.ThreadPool] timer thread slept for [5.9s/5950ms] on absolute clock which is above the warn threshold of [5000ms]
2024.09.17 21:25:35 WARN  es[][o.e.t.ThreadPool] timer thread slept for [5.9s/5950362421ns] on relative clock which is above the warn threshold of [5000ms]
2024.09.17 21:27:49 WARN  es[][o.e.t.ThreadPool] timer thread slept for [2.2m/134113ms] on absolute clock which is above the warn threshold of [5000ms]
2024.09.17 21:58:18 WARN  es[][o.e.t.ThreadPool] timer thread slept for [5.9s/5926ms] on absolute clock which is above the warn threshold of [5000ms]
2024.09.17 21:58:18 WARN  es[][o.e.t.ThreadPool] timer thread slept for [5.9s/5926673189ns] on relative clock which is above the warn threshold of [5000ms]
2024.09.17 22:01:02 WARN  es[][o.e.t.ThreadPool] timer thread slept for [2.7m/163950ms] on absolute clock which is above the warn threshold of [5000ms]
2024.09.17 22:33:01 WARN  es[][o.e.t.ThreadPool] timer thread slept for [6s/6024ms] on absolute clock which is above the warn threshold of [5000ms]
2024.09.17 22:33:01 WARN  es[][o.e.t.ThreadPool] timer thread slept for [6s/6023942555ns] on relative clock which is above the warn threshold of [5000ms]
2024.09.17 22:35:59 WARN  es[][o.e.t.ThreadPool] timer thread slept for [2.9m/177970ms] on absolute clock which is above the warn threshold of [5000ms]
2024.09.17 23:06:28 WARN  es[][o.e.t.ThreadPool] timer thread slept for [5.9s/5996ms] on absolute clock which is above the warn threshold of [5000ms]
2024.09.17 23:06:28 WARN  es[][o.e.t.ThreadPool] timer thread slept for [5.9s/5996408241ns] on relative clock which is above the warn threshold of [5000ms]
2024.09.17 23:09:19 WARN  es[][o.e.t.ThreadPool] timer thread slept for [2.8m/170518ms] on absolute clock which is above the warn threshold of [5000ms]
2024.09.17 23:39:49 WARN  es[][o.e.t.ThreadPool] timer thread slept for [5.9s/5906ms] on absolute clock which is above the warn threshold of [5000ms]
2024.09.17 23:39:49 WARN  es[][o.e.t.ThreadPool] timer thread slept for [5.9s/5905816239ns] on relative clock which is above the warn threshold of [5000ms]
2024.09.17 23:49:03 WARN  es[][o.e.t.ThreadPool] timer thread slept for [9.2m/554357ms] on absolute clock which is above the warn threshold of [5000ms]
