2024.09.16 00:04:56 WARN  es[][o.e.t.ThreadPool] timer thread slept for [5.9s/5911ms] on absolute clock which is above the warn threshold of [5000ms]
2024.09.16 00:05:03 WARN  es[][o.e.t.ThreadPool] timer thread slept for [5.9s/5911050159ns] on relative clock which is above the warn threshold of [5000ms]
2024.09.16 00:05:03 WARN  es[][o.e.t.ThreadPool] timer thread slept for [7.3s/7301ms] on absolute clock which is above the warn threshold of [5000ms]
2024.09.16 00:35:33 WARN  es[][o.e.t.ThreadPool] timer thread slept for [5.9s/5909ms] on absolute clock which is above the warn threshold of [5000ms]
2024.09.16 00:35:33 WARN  es[][o.e.t.ThreadPool] timer thread slept for [5.9s/5909431741ns] on relative clock which is above the warn threshold of [5000ms]
2024.09.16 00:37:53 WARN  es[][o.e.t.ThreadPool] timer thread slept for [2.3m/140191ms] on absolute clock which is above the warn threshold of [5000ms]
2024.09.16 01:08:19 WARN  es[][o.e.t.ThreadPool] timer thread slept for [5.9s/5960ms] on absolute clock which is above the warn threshold of [5000ms]
2024.09.16 01:08:19 WARN  es[][o.e.t.ThreadPool] timer thread slept for [5.9s/5959999337ns] on relative clock which is above the warn threshold of [5000ms]
2024.09.16 01:09:18 WARN  es[][o.e.t.ThreadPool] timer thread slept for [58.5s/58567ms] on absolute clock which is above the warn threshold of [5000ms]
2024.09.16 01:39:48 WARN  es[][o.e.t.ThreadPool] timer thread slept for [5.9s/5952ms] on absolute clock which is above the warn threshold of [5000ms]
2024.09.16 01:39:48 WARN  es[][o.e.t.ThreadPool] execution of [ReschedulingRunnable{runnable=org.elasticsearch.monitor.jvm.JvmGcMonitorService$1@e8a758d, interval=1s}] took [5951ms] which is above the warn threshold of [5000ms]
2024.09.16 01:41:55 WARN  es[][o.e.t.ThreadPool] timer thread slept for [5.9s/5951944942ns] on relative clock which is above the warn threshold of [5000ms]
2024.09.16 01:41:55 WARN  es[][o.e.t.ThreadPool] timer thread slept for [2.1m/127090ms] on absolute clock which is above the warn threshold of [5000ms]
2024.09.16 02:13:24 WARN  es[][o.e.t.ThreadPool] timer thread slept for [5.9s/5968ms] on absolute clock which is above the warn threshold of [5000ms]
2024.09.16 02:13:24 WARN  es[][o.e.t.ThreadPool] execution of [ReschedulingRunnable{runnable=org.elasticsearch.monitor.jvm.JvmGcMonitorService$1@e8a758d, interval=1s}] took [5968ms] which is above the warn threshold of [5000ms]
2024.09.16 02:13:24 WARN  es[][o.e.t.ThreadPool] timer thread slept for [5.9s/5968493402ns] on relative clock which is above the warn threshold of [5000ms]
2024.09.16 02:18:44 WARN  es[][o.e.t.ThreadPool] timer thread slept for [5.3m/320185ms] on absolute clock which is above the warn threshold of [5000ms]
2024.09.16 02:49:13 WARN  es[][o.e.t.ThreadPool] timer thread slept for [5.8s/5895ms] on absolute clock which is above the warn threshold of [5000ms]
2024.09.16 02:51:41 WARN  es[][o.e.t.ThreadPool] timer thread slept for [5.8s/5894576286ns] on relative clock which is above the warn threshold of [5000ms]
2024.09.16 02:51:41 WARN  es[][o.e.t.ThreadPool] timer thread slept for [2.4m/147678ms] on absolute clock which is above the warn threshold of [5000ms]
2024.09.16 03:22:11 WARN  es[][o.e.t.ThreadPool] execution of [ReschedulingRunnable{runnable=org.elasticsearch.monitor.jvm.JvmGcMonitorService$1@e8a758d, interval=1s}] took [5925ms] which is above the warn threshold of [5000ms]
2024.09.16 03:22:11 WARN  es[][o.e.t.ThreadPool] timer thread slept for [5.9s/5926ms] on absolute clock which is above the warn threshold of [5000ms]
2024.09.16 03:22:11 WARN  es[][o.e.t.ThreadPool] timer thread slept for [5.9s/5925713409ns] on relative clock which is above the warn threshold of [5000ms]
2024.09.16 03:29:09 WARN  es[][o.e.t.ThreadPool] timer thread slept for [6.9m/417969ms] on absolute clock which is above the warn threshold of [5000ms]
2024.09.16 03:59:38 WARN  es[][o.e.t.ThreadPool] timer thread slept for [5.9s/5929ms] on absolute clock which is above the warn threshold of [5000ms]
2024.09.16 03:59:38 WARN  es[][o.e.t.ThreadPool] timer thread slept for [5.9s/5928619842ns] on relative clock which is above the warn threshold of [5000ms]
2024.09.16 04:12:01 WARN  es[][o.e.t.ThreadPool] timer thread slept for [12.3m/743153ms] on absolute clock which is above the warn threshold of [5000ms]
2024.09.16 04:43:57 WARN  es[][o.e.t.ThreadPool] timer thread slept for [5.8s/5877ms] on absolute clock which is above the warn threshold of [5000ms]
2024.09.16 04:48:17 WARN  es[][o.e.t.ThreadPool] timer thread slept for [5.8s/5876220916ns] on relative clock which is above the warn threshold of [5000ms]
2024.09.16 04:48:17 WARN  es[][o.e.t.ThreadPool] timer thread slept for [4.3m/259663ms] on absolute clock which is above the warn threshold of [5000ms]
2024.09.16 05:18:47 WARN  es[][o.e.t.ThreadPool] timer thread slept for [5.8s/5853ms] on absolute clock which is above the warn threshold of [5000ms]
2024.09.16 05:18:47 WARN  es[][o.e.t.ThreadPool] execution of [ReschedulingRunnable{runnable=org.elasticsearch.indices.IndexingMemoryController$ShardsIndicesStatusChecker@5e226d5d, interval=5s}] took [5853ms] which is above the warn threshold of [5000ms]
2024.09.16 05:18:47 WARN  es[][o.e.t.ThreadPool] timer thread slept for [5.8s/5853101452ns] on relative clock which is above the warn threshold of [5000ms]
2024.09.16 05:19:46 WARN  es[][o.e.t.ThreadPool] timer thread slept for [58.7s/58756ms] on absolute clock which is above the warn threshold of [5000ms]
2024.09.16 05:50:16 WARN  es[][o.e.t.ThreadPool] timer thread slept for [5.9s/5966ms] on absolute clock which is above the warn threshold of [5000ms]
2024.09.16 05:50:16 WARN  es[][o.e.t.ThreadPool] execution of [ReschedulingRunnable{runnable=org.elasticsearch.indices.IndexingMemoryController$ShardsIndicesStatusChecker@5e226d5d, interval=5s}] took [5966ms] which is above the warn threshold of [5000ms]
2024.09.16 05:50:16 WARN  es[][o.e.t.ThreadPool] timer thread slept for [5.9s/5966710090ns] on relative clock which is above the warn threshold of [5000ms]
2024.09.16 05:52:22 WARN  es[][o.e.t.ThreadPool] timer thread slept for [2m/125841ms] on absolute clock which is above the warn threshold of [5000ms]
2024.09.16 06:23:52 WARN  es[][o.e.t.ThreadPool] timer thread slept for [5.8s/5869ms] on absolute clock which is above the warn threshold of [5000ms]
2024.09.16 06:23:52 WARN  es[][o.e.t.ThreadPool] timer thread slept for [5.8s/5869425438ns] on relative clock which is above the warn threshold of [5000ms]
2024.09.16 06:27:52 WARN  es[][o.e.t.ThreadPool] timer thread slept for [3.9m/239714ms] on absolute clock which is above the warn threshold of [5000ms]
2024.09.16 06:59:52 WARN  es[][o.e.t.ThreadPool] timer thread slept for [5.9s/5911ms] on absolute clock which is above the warn threshold of [5000ms]
2024.09.16 06:59:52 WARN  es[][o.e.t.ThreadPool] timer thread slept for [5.9s/5910560927ns] on relative clock which is above the warn threshold of [5000ms]
2024.09.16 07:07:54 WARN  es[][o.e.t.ThreadPool] timer thread slept for [8m/482046ms] on absolute clock which is above the warn threshold of [5000ms]
2024.09.16 07:38:23 WARN  es[][o.e.t.ThreadPool] timer thread slept for [5.9s/5984ms] on absolute clock which is above the warn threshold of [5000ms]
2024.09.16 07:38:23 WARN  es[][o.e.t.ThreadPool] execution of [ReschedulingRunnable{runnable=org.elasticsearch.monitor.jvm.JvmGcMonitorService$1@e8a758d, interval=1s}] took [5983ms] which is above the warn threshold of [5000ms]
2024.09.16 07:38:23 WARN  es[][o.e.t.ThreadPool] timer thread slept for [5.9s/5983513907ns] on relative clock which is above the warn threshold of [5000ms]
2024.09.16 07:41:13 WARN  es[][o.e.t.ThreadPool] timer thread slept for [2.8m/169543ms] on absolute clock which is above the warn threshold of [5000ms]
2024.09.16 08:11:43 WARN  es[][o.e.t.ThreadPool] timer thread slept for [5.8s/5834ms] on absolute clock which is above the warn threshold of [5000ms]
2024.09.16 08:11:43 WARN  es[][o.e.t.ThreadPool] timer thread slept for [5.8s/5833755202ns] on relative clock which is above the warn threshold of [5000ms]
2024.09.16 08:12:54 WARN  es[][o.e.t.ThreadPool] timer thread slept for [1.1m/70650ms] on absolute clock which is above the warn threshold of [5000ms]
2024.09.16 08:44:54 WARN  es[][o.e.t.ThreadPool] timer thread slept for [5.9s/5936ms] on absolute clock which is above the warn threshold of [5000ms]
2024.09.16 08:44:54 WARN  es[][o.e.t.ThreadPool] timer thread slept for [5.9s/5935727243ns] on relative clock which is above the warn threshold of [5000ms]
2024.09.16 08:53:03 WARN  es[][o.e.t.ThreadPool] timer thread slept for [8.1m/488885ms] on absolute clock which is above the warn threshold of [5000ms]
2024.09.16 09:23:33 WARN  es[][o.e.t.ThreadPool] timer thread slept for [5.9s/5983ms] on absolute clock which is above the warn threshold of [5000ms]
2024.09.16 09:23:33 WARN  es[][o.e.t.ThreadPool] timer thread slept for [5.9s/5982379721ns] on relative clock which is above the warn threshold of [5000ms]
2024.09.16 09:25:22 WARN  es[][o.e.t.ThreadPool] timer thread slept for [1.8m/108987ms] on absolute clock which is above the warn threshold of [5000ms]
2024.09.16 09:55:52 WARN  es[][o.e.t.ThreadPool] timer thread slept for [5.9s/5915ms] on absolute clock which is above the warn threshold of [5000ms]
2024.09.16 09:55:52 WARN  es[][o.e.t.ThreadPool] timer thread slept for [5.9s/5914979290ns] on relative clock which is above the warn threshold of [5000ms]
2024.09.16 09:56:21 WARN  es[][o.e.t.ThreadPool] timer thread slept for [28.5s/28536ms] on absolute clock which is above the warn threshold of [5000ms]
2024.09.16 10:26:51 WARN  es[][o.e.t.ThreadPool] timer thread slept for [5.9s/5901ms] on absolute clock which is above the warn threshold of [5000ms]
2024.09.16 10:26:51 WARN  es[][o.e.t.ThreadPool] timer thread slept for [5.9s/5901409913ns] on relative clock which is above the warn threshold of [5000ms]
2024.09.16 10:33:26 WARN  es[][o.e.t.ThreadPool] timer thread slept for [6.5m/395284ms] on absolute clock which is above the warn threshold of [5000ms]
2024.09.16 11:05:26 WARN  es[][o.e.t.ThreadPool] timer thread slept for [5.8s/5835ms] on absolute clock which is above the warn threshold of [5000ms]
2024.09.16 11:05:26 WARN  es[][o.e.t.ThreadPool] timer thread slept for [5.8s/5835242270ns] on relative clock which is above the warn threshold of [5000ms]
2024.09.16 11:10:07 WARN  es[][o.e.t.ThreadPool] timer thread slept for [4.6m/280770ms] on absolute clock which is above the warn threshold of [5000ms]
2024.09.16 11:40:37 WARN  es[][o.e.t.ThreadPool] timer thread slept for [6s/6006ms] on absolute clock which is above the warn threshold of [5000ms]
2024.09.16 11:40:37 WARN  es[][o.e.t.ThreadPool] timer thread slept for [6s/6006439032ns] on relative clock which is above the warn threshold of [5000ms]
2024.09.16 11:44:03 WARN  es[][o.e.t.ThreadPool] timer thread slept for [3.4m/205905ms] on absolute clock which is above the warn threshold of [5000ms]
2024.09.16 12:15:03 WARN  es[][o.e.t.ThreadPool] timer thread slept for [5.8s/5851ms] on absolute clock which is above the warn threshold of [5000ms]
2024.09.16 12:15:03 WARN  es[][o.e.t.ThreadPool] timer thread slept for [5.8s/5851178948ns] on relative clock which is above the warn threshold of [5000ms]
2024.09.16 12:15:49 WARN  es[][o.e.t.ThreadPool] timer thread slept for [46s/46063ms] on absolute clock which is above the warn threshold of [5000ms]
2024.09.16 12:46:19 WARN  es[][o.e.t.ThreadPool] timer thread slept for [5.7s/5784ms] on absolute clock which is above the warn threshold of [5000ms]
2024.09.16 12:46:19 WARN  es[][o.e.t.ThreadPool] timer thread slept for [5.7s/5783757347ns] on relative clock which is above the warn threshold of [5000ms]
2024.09.16 12:47:02 WARN  es[][o.e.t.ThreadPool] timer thread slept for [42.6s/42606ms] on absolute clock which is above the warn threshold of [5000ms]
2024.09.16 13:17:31 WARN  es[][o.e.t.ThreadPool] timer thread slept for [5.9s/5974ms] on absolute clock which is above the warn threshold of [5000ms]
2024.09.16 13:17:31 WARN  es[][o.e.t.ThreadPool] timer thread slept for [5.9s/5974606531ns] on relative clock which is above the warn threshold of [5000ms]
2024.09.16 13:18:54 WARN  es[][o.e.t.ThreadPool] timer thread slept for [1.3m/82390ms] on absolute clock which is above the warn threshold of [5000ms]
2024.09.16 13:55:24 WARN  es[][o.e.t.ThreadPool] timer thread slept for [6s/6076ms] on absolute clock which is above the warn threshold of [5000ms]
2024.09.16 13:55:24 WARN  es[][o.e.t.ThreadPool] timer thread slept for [6s/6076575871ns] on relative clock which is above the warn threshold of [5000ms]
2024.09.16 14:01:35 WARN  es[][o.e.t.ThreadPool] timer thread slept for [6.1m/371239ms] on absolute clock which is above the warn threshold of [5000ms]
2024.09.16 14:32:04 WARN  es[][o.e.t.ThreadPool] timer thread slept for [5.8s/5878ms] on absolute clock which is above the warn threshold of [5000ms]
2024.09.16 14:33:02 WARN  es[][o.e.t.ThreadPool] timer thread slept for [5.8s/5878200543ns] on relative clock which is above the warn threshold of [5000ms]
2024.09.16 14:33:02 WARN  es[][o.e.t.ThreadPool] timer thread slept for [57.5s/57575ms] on absolute clock which is above the warn threshold of [5000ms]
2024.09.16 15:03:32 WARN  es[][o.e.t.ThreadPool] timer thread slept for [5.9s/5947ms] on absolute clock which is above the warn threshold of [5000ms]
2024.09.16 15:05:28 WARN  es[][o.e.t.ThreadPool] timer thread slept for [5.9s/5947343361ns] on relative clock which is above the warn threshold of [5000ms]
2024.09.16 15:05:28 WARN  es[][o.e.t.ThreadPool] timer thread slept for [1.9m/116259ms] on absolute clock which is above the warn threshold of [5000ms]
2024.09.16 17:49:01 WARN  es[][o.e.t.ThreadPool] timer thread slept for [5.9s/5928ms] on absolute clock which is above the warn threshold of [5000ms]
2024.09.16 17:49:02 WARN  es[][o.e.t.ThreadPool] timer thread slept for [5.9s/5928296161ns] on relative clock which is above the warn threshold of [5000ms]
2024.09.16 17:49:40 WARN  es[][o.e.t.ThreadPool] timer thread slept for [38.4s/38477ms] on absolute clock which is above the warn threshold of [5000ms]
2024.09.16 18:35:07 WARN  es[][o.e.t.ThreadPool] timer thread slept for [5.9s/5944ms] on absolute clock which is above the warn threshold of [5000ms]
2024.09.16 18:35:07 WARN  es[][o.e.t.ThreadPool] timer thread slept for [5.9s/5944003517ns] on relative clock which is above the warn threshold of [5000ms]
2024.09.16 18:36:48 WARN  es[][o.e.t.ThreadPool] timer thread slept for [1.6m/100952ms] on absolute clock which is above the warn threshold of [5000ms]
2024.09.16 19:08:50 WARN  es[][o.e.t.ThreadPool] timer thread slept for [5.9s/5911ms] on absolute clock which is above the warn threshold of [5000ms]
2024.09.16 19:08:50 WARN  es[][o.e.t.ThreadPool] timer thread slept for [5.9s/5911827367ns] on relative clock which is above the warn threshold of [5000ms]
2024.09.16 19:12:06 WARN  es[][o.e.t.ThreadPool] timer thread slept for [3.2m/195437ms] on absolute clock which is above the warn threshold of [5000ms]
2024.09.16 23:05:11 WARN  es[][o.e.t.ThreadPool] timer thread slept for [6.3s/6381ms] on absolute clock which is above the warn threshold of [5000ms]
2024.09.16 23:05:11 WARN  es[][o.e.t.ThreadPool] timer thread slept for [6.3s/6380551814ns] on relative clock which is above the warn threshold of [5000ms]
2024.09.16 23:07:23 WARN  es[][o.e.t.ThreadPool] timer thread slept for [2.2m/132022ms] on absolute clock which is above the warn threshold of [5000ms]
2024.09.16 23:37:49 WARN  es[][o.e.t.ThreadPool] timer thread slept for [5.8s/5886ms] on absolute clock which is above the warn threshold of [5000ms]
2024.09.16 23:38:51 WARN  es[][o.e.t.ThreadPool] timer thread slept for [5.8s/5886450419ns] on relative clock which is above the warn threshold of [5000ms]
2024.09.16 23:38:51 WARN  es[][o.e.t.ThreadPool] timer thread slept for [1m/61854ms] on absolute clock which is above the warn threshold of [5000ms]
