2024.09.18 00:21:03 WARN  es[][o.e.t.ThreadPool] timer thread slept for [5.8s/5875ms] on absolute clock which is above the warn threshold of [5000ms]
2024.09.18 00:33:30 WARN  es[][o.e.t.ThreadPool] timer thread slept for [5.8s/5875384030ns] on relative clock which is above the warn threshold of [5000ms]
2024.09.18 00:33:30 WARN  es[][o.e.t.ThreadPool] timer thread slept for [12.4m/746587ms] on absolute clock which is above the warn threshold of [5000ms]
2024.09.18 01:04:00 WARN  es[][o.e.t.ThreadPool] timer thread slept for [5.9s/5906ms] on absolute clock which is above the warn threshold of [5000ms]
2024.09.18 01:04:49 WARN  es[][o.e.t.ThreadPool] timer thread slept for [5.9s/5905600358ns] on relative clock which is above the warn threshold of [5000ms]
2024.09.18 01:04:49 WARN  es[][o.e.t.ThreadPool] timer thread slept for [48.8s/48814ms] on absolute clock which is above the warn threshold of [5000ms]
2024.09.18 01:36:46 WARN  es[][o.e.t.ThreadPool] timer thread slept for [5.9s/5967ms] on absolute clock which is above the warn threshold of [5000ms]
2024.09.18 01:37:43 WARN  es[][o.e.t.ThreadPool] timer thread slept for [5.9s/5966959918ns] on relative clock which is above the warn threshold of [5000ms]
2024.09.18 01:37:43 WARN  es[][o.e.t.ThreadPool] timer thread slept for [57s/57024ms] on absolute clock which is above the warn threshold of [5000ms]
2024.09.18 02:08:12 WARN  es[][o.e.t.ThreadPool] timer thread slept for [5.9s/5988ms] on absolute clock which is above the warn threshold of [5000ms]
2024.09.18 02:08:12 WARN  es[][o.e.t.ThreadPool] execution of [ReschedulingRunnable{runnable=org.elasticsearch.monitor.jvm.JvmGcMonitorService$1@e8a758d, interval=1s}] took [5988ms] which is above the warn threshold of [5000ms]
2024.09.18 02:08:12 WARN  es[][o.e.t.ThreadPool] timer thread slept for [5.9s/5988508931ns] on relative clock which is above the warn threshold of [5000ms]
2024.09.18 02:20:31 WARN  es[][o.e.t.ThreadPool] timer thread slept for [12.3m/738634ms] on absolute clock which is above the warn threshold of [5000ms]
2024.09.18 02:52:31 WARN  es[][o.e.t.ThreadPool] timer thread slept for [6s/6003ms] on absolute clock which is above the warn threshold of [5000ms]
2024.09.18 02:52:31 WARN  es[][o.e.t.ThreadPool] timer thread slept for [6s/6003531957ns] on relative clock which is above the warn threshold of [5000ms]
2024.09.18 03:01:24 WARN  es[][o.e.t.ThreadPool] timer thread slept for [8.8m/532783ms] on absolute clock which is above the warn threshold of [5000ms]
2024.09.18 03:31:54 WARN  es[][o.e.t.ThreadPool] timer thread slept for [5.9s/5915ms] on absolute clock which is above the warn threshold of [5000ms]
2024.09.18 03:35:11 WARN  es[][o.e.t.ThreadPool] timer thread slept for [5.9s/5914639625ns] on relative clock which is above the warn threshold of [5000ms]
2024.09.18 03:35:11 WARN  es[][o.e.t.ThreadPool] timer thread slept for [3.2m/197349ms] on absolute clock which is above the warn threshold of [5000ms]
2024.09.18 04:05:40 WARN  es[][o.e.t.ThreadPool] execution of [ReschedulingRunnable{runnable=org.elasticsearch.indices.IndexingMemoryController$ShardsIndicesStatusChecker@5e226d5d, interval=5s}] took [6013ms] which is above the warn threshold of [5000ms]
2024.09.18 04:05:40 WARN  es[][o.e.t.ThreadPool] timer thread slept for [6s/6013ms] on absolute clock which is above the warn threshold of [5000ms]
2024.09.18 04:05:40 WARN  es[][o.e.t.ThreadPool] timer thread slept for [6s/6013616483ns] on relative clock which is above the warn threshold of [5000ms]
2024.09.18 04:07:34 WARN  es[][o.e.t.ThreadPool] timer thread slept for [1.8m/113786ms] on absolute clock which is above the warn threshold of [5000ms]
2024.09.18 04:38:05 WARN  es[][o.e.t.ThreadPool] execution of [ReschedulingRunnable{runnable=org.elasticsearch.indices.IndexingMemoryController$ShardsIndicesStatusChecker@5e226d5d, interval=5s}] took [6035ms] which is above the warn threshold of [5000ms]
2024.09.18 04:38:05 WARN  es[][o.e.t.ThreadPool] timer thread slept for [6s/6036ms] on absolute clock which is above the warn threshold of [5000ms]
2024.09.18 04:38:05 WARN  es[][o.e.t.ThreadPool] timer thread slept for [6s/6035683619ns] on relative clock which is above the warn threshold of [5000ms]
2024.09.18 04:47:27 WARN  es[][o.e.t.ThreadPool] timer thread slept for [9.3m/562431ms] on absolute clock which is above the warn threshold of [5000ms]
2024.09.18 05:17:54 WARN  es[][o.e.t.ThreadPool] timer thread slept for [5.8s/5837ms] on absolute clock which is above the warn threshold of [5000ms]
2024.09.18 05:17:54 WARN  es[][o.e.t.ThreadPool] timer thread slept for [5.8s/5836832302ns] on relative clock which is above the warn threshold of [5000ms]
2024.09.18 05:28:38 WARN  es[][o.e.t.ThreadPool] timer thread slept for [10.7m/643606ms] on absolute clock which is above the warn threshold of [5000ms]
2024.09.18 06:00:38 WARN  es[][o.e.t.ThreadPool] timer thread slept for [5.9s/5938ms] on absolute clock which is above the warn threshold of [5000ms]
2024.09.18 06:00:38 WARN  es[][o.e.t.ThreadPool] execution of [ReschedulingRunnable{runnable=org.elasticsearch.monitor.jvm.JvmGcMonitorService$1@e8a758d, interval=1s}] took [5937ms] which is above the warn threshold of [5000ms]
2024.09.18 06:00:38 WARN  es[][o.e.t.ThreadPool] timer thread slept for [5.9s/5937810902ns] on relative clock which is above the warn threshold of [5000ms]
2024.09.18 06:05:27 WARN  es[][o.e.t.ThreadPool] timer thread slept for [4.8m/288569ms] on absolute clock which is above the warn threshold of [5000ms]
2024.09.18 06:35:57 WARN  es[][o.e.t.ThreadPool] timer thread slept for [5.8s/5841ms] on absolute clock which is above the warn threshold of [5000ms]
2024.09.18 06:35:57 WARN  es[][o.e.t.ThreadPool] timer thread slept for [5.8s/5841011080ns] on relative clock which is above the warn threshold of [5000ms]
2024.09.18 06:37:24 WARN  es[][o.e.t.ThreadPool] timer thread slept for [1.4m/87293ms] on absolute clock which is above the warn threshold of [5000ms]
2024.09.18 07:07:54 WARN  es[][o.e.t.ThreadPool] timer thread slept for [5.8s/5844ms] on absolute clock which is above the warn threshold of [5000ms]
2024.09.18 07:07:54 WARN  es[][o.e.t.ThreadPool] timer thread slept for [5.8s/5844441595ns] on relative clock which is above the warn threshold of [5000ms]
2024.09.18 07:16:25 WARN  es[][o.e.t.ThreadPool] timer thread slept for [8.5m/510751ms] on absolute clock which is above the warn threshold of [5000ms]
2024.09.18 07:46:55 WARN  es[][o.e.t.ThreadPool] timer thread slept for [5.9s/5913ms] on absolute clock which is above the warn threshold of [5000ms]
2024.09.18 07:46:56 WARN  es[][o.e.t.ThreadPool] timer thread slept for [5.9s/5913823296ns] on relative clock which is above the warn threshold of [5000ms]
2024.09.18 07:50:33 WARN  es[][o.e.t.ThreadPool] timer thread slept for [3.6m/217598ms] on absolute clock which is above the warn threshold of [5000ms]
2024.09.18 08:22:32 WARN  es[][o.e.t.ThreadPool] execution of [ReschedulingRunnable{runnable=org.elasticsearch.indices.IndexingMemoryController$ShardsIndicesStatusChecker@5e226d5d, interval=5s}] took [5945ms] which is above the warn threshold of [5000ms]
2024.09.18 08:22:32 WARN  es[][o.e.t.ThreadPool] timer thread slept for [5.9s/5946ms] on absolute clock which is above the warn threshold of [5000ms]
2024.09.18 08:22:32 WARN  es[][o.e.t.ThreadPool] timer thread slept for [5.9s/5945662206ns] on relative clock which is above the warn threshold of [5000ms]
2024.09.18 08:24:25 WARN  es[][o.e.t.ThreadPool] timer thread slept for [1.8m/112519ms] on absolute clock which is above the warn threshold of [5000ms]
2024.09.18 08:54:55 WARN  es[][o.e.t.ThreadPool] timer thread slept for [5.9s/5985ms] on absolute clock which is above the warn threshold of [5000ms]
2024.09.18 08:54:55 WARN  es[][o.e.t.ThreadPool] timer thread slept for [5.9s/5985707375ns] on relative clock which is above the warn threshold of [5000ms]
2024.09.18 08:55:51 WARN  es[][o.e.t.ThreadPool] timer thread slept for [55.9s/55931ms] on absolute clock which is above the warn threshold of [5000ms]
2024.09.18 09:26:21 WARN  es[][o.e.t.ThreadPool] execution of [ReschedulingRunnable{runnable=org.elasticsearch.indices.IndexingMemoryController$ShardsIndicesStatusChecker@5e226d5d, interval=5s}] took [5997ms] which is above the warn threshold of [5000ms]
2024.09.18 09:26:21 WARN  es[][o.e.t.ThreadPool] timer thread slept for [5.9s/5998ms] on absolute clock which is above the warn threshold of [5000ms]
2024.09.18 09:28:41 WARN  es[][o.e.t.ThreadPool] timer thread slept for [5.9s/5997758274ns] on relative clock which is above the warn threshold of [5000ms]
2024.09.18 09:28:41 WARN  es[][o.e.t.ThreadPool] timer thread slept for [2.3m/140429ms] on absolute clock which is above the warn threshold of [5000ms]
2024.09.18 09:59:07 WARN  es[][o.e.t.ThreadPool] timer thread slept for [5.9s/5927ms] on absolute clock which is above the warn threshold of [5000ms]
2024.09.18 09:59:07 WARN  es[][o.e.t.ThreadPool] timer thread slept for [5.9s/5927497512ns] on relative clock which is above the warn threshold of [5000ms]
2024.09.18 10:08:26 WARN  es[][o.e.t.ThreadPool] timer thread slept for [9.3m/558611ms] on absolute clock which is above the warn threshold of [5000ms]
2024.09.18 10:40:26 WARN  es[][o.e.t.ThreadPool] timer thread slept for [5.9s/5906ms] on absolute clock which is above the warn threshold of [5000ms]
2024.09.18 10:40:26 WARN  es[][o.e.t.ThreadPool] timer thread slept for [5.9s/5905979762ns] on relative clock which is above the warn threshold of [5000ms]
2024.09.18 10:44:12 WARN  es[][o.e.t.ThreadPool] timer thread slept for [3.7m/225837ms] on absolute clock which is above the warn threshold of [5000ms]
2024.09.18 11:14:41 WARN  es[][o.e.t.ThreadPool] timer thread slept for [5.9s/5935ms] on absolute clock which is above the warn threshold of [5000ms]
2024.09.18 11:14:42 WARN  es[][o.e.t.ThreadPool] timer thread slept for [5.9s/5935247284ns] on relative clock which is above the warn threshold of [5000ms]
2024.09.18 11:16:17 WARN  es[][o.e.t.ThreadPool] timer thread slept for [1.5m/95413ms] on absolute clock which is above the warn threshold of [5000ms]
2024.09.18 11:46:48 WARN  es[][o.e.t.ThreadPool] timer thread slept for [5.9s/5947ms] on absolute clock which is above the warn threshold of [5000ms]
2024.09.18 11:46:48 WARN  es[][o.e.t.ThreadPool] timer thread slept for [5.9s/5947173434ns] on relative clock which is above the warn threshold of [5000ms]
2024.09.18 11:47:55 WARN  es[][o.e.t.ThreadPool] timer thread slept for [1.1m/67246ms] on absolute clock which is above the warn threshold of [5000ms]
2024.09.18 12:19:55 WARN  es[][o.e.t.ThreadPool] timer thread slept for [5.9s/5974ms] on absolute clock which is above the warn threshold of [5000ms]
2024.09.18 12:19:55 WARN  es[][o.e.t.ThreadPool] timer thread slept for [5.9s/5974570852ns] on relative clock which is above the warn threshold of [5000ms]
2024.09.18 12:21:10 WARN  es[][o.e.t.ThreadPool] timer thread slept for [1.2m/74882ms] on absolute clock which is above the warn threshold of [5000ms]
2024.09.18 12:51:39 WARN  es[][o.e.t.ThreadPool] timer thread slept for [6s/6052ms] on absolute clock which is above the warn threshold of [5000ms]
2024.09.18 12:51:39 WARN  es[][o.e.t.ThreadPool] execution of [ReschedulingRunnable{runnable=org.elasticsearch.monitor.jvm.JvmGcMonitorService$1@e8a758d, interval=1s}] took [6051ms] which is above the warn threshold of [5000ms]
2024.09.18 12:51:39 WARN  es[][o.e.t.ThreadPool] timer thread slept for [6s/6051744504ns] on relative clock which is above the warn threshold of [5000ms]
2024.09.18 12:52:58 WARN  es[][o.e.t.ThreadPool] timer thread slept for [1.3m/78595ms] on absolute clock which is above the warn threshold of [5000ms]
2024.09.18 13:25:29 WARN  es[][o.e.t.ThreadPool] timer thread slept for [6s/6087ms] on absolute clock which is above the warn threshold of [5000ms]
2024.09.18 13:25:29 WARN  es[][o.e.t.ThreadPool] timer thread slept for [6s/6087170613ns] on relative clock which is above the warn threshold of [5000ms]
2024.09.18 13:33:48 WARN  es[][o.e.t.ThreadPool] timer thread slept for [8.3m/499140ms] on absolute clock which is above the warn threshold of [5000ms]
2024.09.18 14:04:17 WARN  es[][o.e.t.ThreadPool] timer thread slept for [6s/6018ms] on absolute clock which is above the warn threshold of [5000ms]
2024.09.18 14:04:17 WARN  es[][o.e.t.ThreadPool] timer thread slept for [6s/6017428915ns] on relative clock which is above the warn threshold of [5000ms]
2024.09.18 14:04:42 WARN  es[][o.e.t.ThreadPool] timer thread slept for [24.8s/24841ms] on absolute clock which is above the warn threshold of [5000ms]
2024.09.18 14:35:12 WARN  es[][o.e.t.ThreadPool] timer thread slept for [6s/6069ms] on absolute clock which is above the warn threshold of [5000ms]
2024.09.18 14:35:12 WARN  es[][o.e.t.ThreadPool] execution of [ReschedulingRunnable{runnable=org.elasticsearch.indices.IndexingMemoryController$ShardsIndicesStatusChecker@5e226d5d, interval=5s}] took [6069ms] which is above the warn threshold of [5000ms]
2024.09.18 14:36:24 WARN  es[][o.e.t.ThreadPool] timer thread slept for [6s/6069097601ns] on relative clock which is above the warn threshold of [5000ms]
2024.09.18 14:36:24 WARN  es[][o.e.t.ThreadPool] timer thread slept for [1.1m/71757ms] on absolute clock which is above the warn threshold of [5000ms]
2024.09.18 15:06:53 WARN  es[][o.e.t.ThreadPool] timer thread slept for [5.8s/5860ms] on absolute clock which is above the warn threshold of [5000ms]
2024.09.18 15:06:53 WARN  es[][o.e.t.ThreadPool] timer thread slept for [5.8s/5859989527ns] on relative clock which is above the warn threshold of [5000ms]
2024.09.18 15:07:04 WARN  es[][o.e.t.ThreadPool] timer thread slept for [11s/11050ms] on absolute clock which is above the warn threshold of [5000ms]
2024.09.18 15:37:33 WARN  es[][o.e.t.ThreadPool] timer thread slept for [5.9s/5989ms] on absolute clock which is above the warn threshold of [5000ms]
2024.09.18 15:37:59 WARN  es[][o.e.t.ThreadPool] timer thread slept for [5.9s/5989008602ns] on relative clock which is above the warn threshold of [5000ms]
2024.09.18 15:37:59 WARN  es[][o.e.t.ThreadPool] timer thread slept for [25.3s/25385ms] on absolute clock which is above the warn threshold of [5000ms]
2024.09.18 16:08:30 WARN  es[][o.e.t.ThreadPool] timer thread slept for [5.8s/5880ms] on absolute clock which is above the warn threshold of [5000ms]
2024.09.18 16:09:29 WARN  es[][o.e.t.ThreadPool] timer thread slept for [5.8s/5880244234ns] on relative clock which is above the warn threshold of [5000ms]
2024.09.18 16:09:29 WARN  es[][o.e.t.ThreadPool] timer thread slept for [59.2s/59297ms] on absolute clock which is above the warn threshold of [5000ms]
2024.09.18 16:41:28 WARN  es[][o.e.t.ThreadPool] timer thread slept for [5.9s/5984ms] on absolute clock which is above the warn threshold of [5000ms]
2024.09.18 16:41:28 WARN  es[][o.e.t.ThreadPool] timer thread slept for [5.9s/5983982547ns] on relative clock which is above the warn threshold of [5000ms]
2024.09.18 16:42:19 WARN  es[][o.e.t.ThreadPool] timer thread slept for [50.8s/50865ms] on absolute clock which is above the warn threshold of [5000ms]
2024.09.18 16:55:56 INFO  es[][o.e.n.Node] stopping ...
2024.09.18 16:55:56 INFO  es[][o.e.n.Node] stopped
2024.09.18 16:55:56 INFO  es[][o.e.n.Node] closing ...
2024.09.18 16:55:56 INFO  es[][o.e.n.Node] closed
