2024.09.12 18:03:56 INFO  app[][o.s.a.AppFileSystem] Cleaning or creating temp directory /opt/sonarqube/temp
2024.09.12 18:03:56 INFO  app[][o.s.a.es.EsSettings] Elasticsearch listening on [HTTP: 127.0.0.1:9001, TCP: 127.0.0.1:37079]
2024.09.12 18:03:57 INFO  app[][o.s.a.ProcessLauncherImpl] Launch process[ELASTICSEARCH] from [/opt/sonarqube/elasticsearch]: /opt/sonarqube/elasticsearch/bin/elasticsearch
2024.09.12 18:03:57 INFO  app[][o.s.a.SchedulerImpl] Waiting for Elasticsearch to be up and running
2024.09.12 18:04:07 INFO  app[][o.s.a.SchedulerImpl] Process[es] is up
2024.09.12 18:04:07 INFO  app[][o.s.a.ProcessLauncherImpl] Launch process[WEB_SERVER] from [/opt/sonarqube]: /opt/java/openjdk/bin/java -Djava.awt.headless=true -Dfile.encoding=UTF-8 -Djava.io.tmpdir=/opt/sonarqube/temp -XX:-OmitStackTraceInFastThrow --add-opens=java.base/java.util=ALL-UNNAMED --add-opens=java.base/java.lang=ALL-UNNAMED --add-opens=java.base/java.io=ALL-UNNAMED --add-opens=java.rmi/sun.rmi.transport=ALL-UNNAMED --add-exports=java.base/jdk.internal.ref=ALL-UNNAMED --add-opens=java.base/java.nio=ALL-UNNAMED --add-opens=java.base/sun.nio.ch=ALL-UNNAMED --add-opens=java.management/sun.management=ALL-UNNAMED --add-opens=jdk.management/com.sun.management.internal=ALL-UNNAMED -Dcom.redhat.fips=false -Xmx512m -Xms128m -XX:+HeapDumpOnOutOfMemoryError -Dhttp.nonProxyHosts=localhost|127.*|[::1] -cp ./lib/sonar-application-9.9.6.92038.jar:/opt/sonarqube/lib/jdbc/postgresql/postgresql-42.5.1.jar org.sonar.server.app.WebServer /opt/sonarqube/temp/sq-process9107199477403012145properties
2024.09.12 18:04:12 INFO  app[][o.s.a.SchedulerImpl] Process[Web Server] is stopped
2024.09.12 18:04:12 WARN  app[][o.s.a.p.AbstractManagedProcess] Process exited with exit value [ElasticSearch]: 143
2024.09.12 18:04:12 INFO  app[][o.s.a.SchedulerImpl] Process[ElasticSearch] is stopped
2024.09.12 18:04:12 INFO  app[][o.s.a.SchedulerImpl] SonarQube is stopped
2024.09.12 18:14:59 INFO  app[][o.s.a.AppFileSystem] Cleaning or creating temp directory /opt/sonarqube/temp
2024.09.12 18:14:59 INFO  app[][o.s.a.es.EsSettings] Elasticsearch listening on [HTTP: 127.0.0.1:9001, TCP: 127.0.0.1:33421]
2024.09.12 18:15:00 INFO  app[][o.s.a.ProcessLauncherImpl] Launch process[ELASTICSEARCH] from [/opt/sonarqube/elasticsearch]: /opt/sonarqube/elasticsearch/bin/elasticsearch
2024.09.12 18:15:00 INFO  app[][o.s.a.SchedulerImpl] Waiting for Elasticsearch to be up and running
2024.09.12 18:15:05 INFO  app[][o.s.a.SchedulerImpl] Process[es] is up
2024.09.12 18:15:05 INFO  app[][o.s.a.ProcessLauncherImpl] Launch process[WEB_SERVER] from [/opt/sonarqube]: /opt/java/openjdk/bin/java -Djava.awt.headless=true -Dfile.encoding=UTF-8 -Djava.io.tmpdir=/opt/sonarqube/temp -XX:-OmitStackTraceInFastThrow --add-opens=java.base/java.util=ALL-UNNAMED --add-opens=java.base/java.lang=ALL-UNNAMED --add-opens=java.base/java.io=ALL-UNNAMED --add-opens=java.rmi/sun.rmi.transport=ALL-UNNAMED --add-exports=java.base/jdk.internal.ref=ALL-UNNAMED --add-opens=java.base/java.nio=ALL-UNNAMED --add-opens=java.base/sun.nio.ch=ALL-UNNAMED --add-opens=java.management/sun.management=ALL-UNNAMED --add-opens=jdk.management/com.sun.management.internal=ALL-UNNAMED -Dcom.redhat.fips=false -Xmx512m -Xms128m -XX:+HeapDumpOnOutOfMemoryError -Dhttp.nonProxyHosts=localhost|127.*|[::1] -cp ./lib/sonar-application-9.9.6.92038.jar:/opt/sonarqube/lib/jdbc/postgresql/postgresql-42.5.1.jar org.sonar.server.app.WebServer /opt/sonarqube/temp/sq-process6849982059661116937properties
2024.09.12 18:16:24 INFO  app[][o.s.a.SchedulerImpl] Process[web] is up
2024.09.12 18:16:24 INFO  app[][o.s.a.ProcessLauncherImpl] Launch process[COMPUTE_ENGINE] from [/opt/sonarqube]: /opt/java/openjdk/bin/java -Djava.awt.headless=true -Dfile.encoding=UTF-8 -Djava.io.tmpdir=/opt/sonarqube/temp -XX:-OmitStackTraceInFastThrow --add-opens=java.base/java.util=ALL-UNNAMED --add-exports=java.base/jdk.internal.ref=ALL-UNNAMED --add-opens=java.base/java.lang=ALL-UNNAMED --add-opens=java.base/java.nio=ALL-UNNAMED --add-opens=java.base/sun.nio.ch=ALL-UNNAMED --add-opens=java.management/sun.management=ALL-UNNAMED --add-opens=jdk.management/com.sun.management.internal=ALL-UNNAMED -Dcom.redhat.fips=false -Xmx512m -Xms128m -XX:+HeapDumpOnOutOfMemoryError -Dhttp.nonProxyHosts=localhost|127.*|[::1] -cp ./lib/sonar-application-9.9.6.92038.jar:/opt/sonarqube/lib/jdbc/postgresql/postgresql-42.5.1.jar org.sonar.ce.app.CeServer /opt/sonarqube/temp/sq-process12012493502641397968properties
2024.09.12 18:16:24 WARN  app[][startup] ####################################################################################################################
2024.09.12 18:16:25 WARN  app[][startup] Default Administrator credentials are still being used. Make sure to change the password or deactivate the account.
2024.09.12 18:16:25 WARN  app[][startup] ####################################################################################################################
2024.09.12 18:16:27 INFO  app[][o.s.a.SchedulerImpl] Process[ce] is up
2024.09.12 18:16:27 INFO  app[][o.s.a.SchedulerImpl] SonarQube is operational
